Component: ARM Compiler 5.06 update 6 (build 750) Tool: armlink [4d35ed]

==============================================================================

Section Cross References

    startup_stm32f10x_md.o(STACK) refers (Special) to heapauxi.o(.text) for __use_two_region_memory
    startup_stm32f10x_md.o(HEAP) refers (Special) to heapauxi.o(.text) for __use_two_region_memory
    startup_stm32f10x_md.o(RESET) refers (Special) to heapauxi.o(.text) for __use_two_region_memory
    startup_stm32f10x_md.o(RESET) refers to startup_stm32f10x_md.o(STACK) for __initial_sp
    startup_stm32f10x_md.o(RESET) refers to startup_stm32f10x_md.o(.text) for Reset_Handler
    startup_stm32f10x_md.o(RESET) refers to stm32f10x_it.o(i.NMI_Handler) for NMI_Handler
    startup_stm32f10x_md.o(RESET) refers to stm32f10x_it.o(i.HardFault_Handler) for HardFault_Handler
    startup_stm32f10x_md.o(RESET) refers to stm32f10x_it.o(i.MemManage_Handler) for MemManage_Handler
    startup_stm32f10x_md.o(RESET) refers to stm32f10x_it.o(i.BusFault_Handler) for BusFault_Handler
    startup_stm32f10x_md.o(RESET) refers to stm32f10x_it.o(i.UsageFault_Handler) for UsageFault_Handler
    startup_stm32f10x_md.o(RESET) refers to stm32f10x_it.o(i.SVC_Handler) for SVC_Handler
    startup_stm32f10x_md.o(RESET) refers to stm32f10x_it.o(i.DebugMon_Handler) for DebugMon_Handler
    startup_stm32f10x_md.o(RESET) refers to stm32f10x_it.o(i.PendSV_Handler) for PendSV_Handler
    startup_stm32f10x_md.o(RESET) refers to stm32f10x_it.o(i.SysTick_Handler) for SysTick_Handler
    startup_stm32f10x_md.o(RESET) refers to timer.o(i.TIM2_IRQHandler) for TIM2_IRQHandler
    startup_stm32f10x_md.o(RESET) refers to usart1.o(i.USART1_IRQHandler) for USART1_IRQHandler
    startup_stm32f10x_md.o(.text) refers (Special) to heapauxi.o(.text) for __use_two_region_memory
    startup_stm32f10x_md.o(.text) refers to system_stm32f10x.o(i.SystemInit) for SystemInit
    startup_stm32f10x_md.o(.text) refers to __main.o(!!!main) for __main
    startup_stm32f10x_md.o(.text) refers to startup_stm32f10x_md.o(HEAP) for Heap_Mem
    startup_stm32f10x_md.o(.text) refers to startup_stm32f10x_md.o(STACK) for Stack_Mem
    stm32f10x_adc.o(i.ADC_DeInit) refers to stm32f10x_rcc.o(i.RCC_APB2PeriphResetCmd) for RCC_APB2PeriphResetCmd
    stm32f10x_gpio.o(i.GPIO_AFIODeInit) refers to stm32f10x_rcc.o(i.RCC_APB2PeriphResetCmd) for RCC_APB2PeriphResetCmd
    stm32f10x_gpio.o(i.GPIO_DeInit) refers to stm32f10x_rcc.o(i.RCC_APB2PeriphResetCmd) for RCC_APB2PeriphResetCmd
    stm32f10x_rcc.o(i.RCC_GetClocksFreq) refers to stm32f10x_rcc.o(.data) for APBAHBPrescTable
    stm32f10x_rcc.o(i.RCC_WaitForHSEStartUp) refers to stm32f10x_rcc.o(i.RCC_GetFlagStatus) for RCC_GetFlagStatus
    stm32f10x_rtc.o(i.RTC_SetAlarm) refers to stm32f10x_rtc.o(i.RTC_EnterConfigMode) for RTC_EnterConfigMode
    stm32f10x_rtc.o(i.RTC_SetAlarm) refers to stm32f10x_rtc.o(i.RTC_ExitConfigMode) for RTC_ExitConfigMode
    stm32f10x_rtc.o(i.RTC_SetCounter) refers to stm32f10x_rtc.o(i.RTC_EnterConfigMode) for RTC_EnterConfigMode
    stm32f10x_rtc.o(i.RTC_SetCounter) refers to stm32f10x_rtc.o(i.RTC_ExitConfigMode) for RTC_ExitConfigMode
    stm32f10x_rtc.o(i.RTC_SetPrescaler) refers to stm32f10x_rtc.o(i.RTC_EnterConfigMode) for RTC_EnterConfigMode
    stm32f10x_rtc.o(i.RTC_SetPrescaler) refers to stm32f10x_rtc.o(i.RTC_ExitConfigMode) for RTC_ExitConfigMode
    stm32f10x_tim.o(i.TIM_DeInit) refers to stm32f10x_rcc.o(i.RCC_APB2PeriphResetCmd) for RCC_APB2PeriphResetCmd
    stm32f10x_tim.o(i.TIM_DeInit) refers to stm32f10x_rcc.o(i.RCC_APB1PeriphResetCmd) for RCC_APB1PeriphResetCmd
    stm32f10x_tim.o(i.TIM_ETRClockMode1Config) refers to stm32f10x_tim.o(i.TIM_ETRConfig) for TIM_ETRConfig
    stm32f10x_tim.o(i.TIM_ETRClockMode2Config) refers to stm32f10x_tim.o(i.TIM_ETRConfig) for TIM_ETRConfig
    stm32f10x_tim.o(i.TIM_ICInit) refers to stm32f10x_tim.o(i.TI1_Config) for TI1_Config
    stm32f10x_tim.o(i.TIM_ICInit) refers to stm32f10x_tim.o(i.TIM_SetIC1Prescaler) for TIM_SetIC1Prescaler
    stm32f10x_tim.o(i.TIM_ICInit) refers to stm32f10x_tim.o(i.TI2_Config) for TI2_Config
    stm32f10x_tim.o(i.TIM_ICInit) refers to stm32f10x_tim.o(i.TIM_SetIC2Prescaler) for TIM_SetIC2Prescaler
    stm32f10x_tim.o(i.TIM_ICInit) refers to stm32f10x_tim.o(i.TI3_Config) for TI3_Config
    stm32f10x_tim.o(i.TIM_ICInit) refers to stm32f10x_tim.o(i.TIM_SetIC3Prescaler) for TIM_SetIC3Prescaler
    stm32f10x_tim.o(i.TIM_ICInit) refers to stm32f10x_tim.o(i.TI4_Config) for TI4_Config
    stm32f10x_tim.o(i.TIM_ICInit) refers to stm32f10x_tim.o(i.TIM_SetIC4Prescaler) for TIM_SetIC4Prescaler
    stm32f10x_tim.o(i.TIM_ITRxExternalClockConfig) refers to stm32f10x_tim.o(i.TIM_SelectInputTrigger) for TIM_SelectInputTrigger
    stm32f10x_tim.o(i.TIM_PWMIConfig) refers to stm32f10x_tim.o(i.TI1_Config) for TI1_Config
    stm32f10x_tim.o(i.TIM_PWMIConfig) refers to stm32f10x_tim.o(i.TIM_SetIC1Prescaler) for TIM_SetIC1Prescaler
[...]
    ../clib/printf_percent.s                 0x00000000   Number         0  _printf_percent.o ABSOLUTE
    ../clib/printf_percent.s                 0x00000000   Number         0  _printf_percent_end.o ABSOLUTE
    ../clib/printf_percent.s                 0x00000000   Number         0  _printf_d.o ABSOLUTE
    ../clib/signal.c                         0x00000000   Number         0  __raise.o ABSOLUTE
    ../clib/signal.c                         0x00000000   Number         0  defsig_rtmem_inner.o ABSOLUTE
    ../clib/signal.c                         0x00000000   Number         0  defsig_exit.o ABSOLUTE
    ../clib/signal.c                         0x00000000   Number         0  defsig_rtmem_formal.o ABSOLUTE
    ../clib/signal.c                         0x00000000   Number         0  defsig_rtmem_outer.o ABSOLUTE
    ../clib/signal.c                         0x00000000   Number         0  defsig_segv_inner.o ABSOLUTE
    ../clib/signal.c                         0x00000000   Number         0  defsig_other.o ABSOLUTE
    ../clib/signal.c                         0x00000000   Number         0  defsig_cppl_inner.o ABSOLUTE
    ../clib/signal.c                         0x00000000   Number         0  defsig_pvfn_inner.o ABSOLUTE
    ../clib/signal.c                         0x00000000   Number         0  defsig_stak_inner.o ABSOLUTE
    ../clib/signal.c                         0x00000000   Number         0  defsig_rtred_inner.o ABSOLUTE
    ../clib/signal.c                         0x00000000   Number         0  defsig_fpe_inner.o ABSOLUTE
    ../clib/signal.c                         0x00000000   Number         0  defsig_abrt_inner.o ABSOLUTE
    ../clib/signal.c                         0x00000000   Number         0  defsig_general.o ABSOLUTE
    ../clib/signal.s                         0x00000000   Number         0  defsig.o ABSOLUTE
    ../clib/stdio.c                          0x00000000   Number         0  ferror.o ABSOLUTE
    ../clib/stdio.c                          0x00000000   Number         0  ferror_locked.o ABSOLUTE
    ../clib/stdlib.c                         0x00000000   Number         0  exit.o ABSOLUTE
    ../clib/string.c                         0x00000000   Number         0  strstr.o ABSOLUTE
    ../fplib/fpinit.s                        0x00000000   Number         0  fpinit.o ABSOLUTE
    ..\CMSIS\core_cm3.c                      0x00000000   Number         0  core_cm3.o ABSOLUTE
    ..\CMSIS\startup_stm32f10x_md.s          0x00000000   Number         0  startup_stm32f10x_md.o ABSOLUTE
    ..\Driver\as608.c                        0x00000000   Number         0  as608.o ABSOLUTE
    ..\Driver\gpio.c                         0x00000000   Number         0  gpio.o ABSOLUTE
    ..\Driver\lcd1602.c                      0x00000000   Number         0  lcd1602.o ABSOLUTE
    ..\Driver\rc522_config.c                 0x00000000   Number         0  rc522_config.o ABSOLUTE
    ..\Driver\rc522_function.c               0x00000000   Number         0  rc522_function.o ABSOLUTE
    ..\Driver\stmflash.c                     0x00000000   Number         0  stmflash.o ABSOLUTE
    ..\Driver\timer.c                        0x00000000   Number         0  timer.o ABSOLUTE
    ..\Libraries\src\misc.c                  0x00000000   Number         0  misc.o ABSOLUTE
    ..\Libraries\src\stm32f10x_adc.c         0x00000000   Number         0  stm32f10x_adc.o ABSOLUTE
    ..\Libraries\src\stm32f10x_exti.c        0x00000000   Number         0  stm32f10x_exti.o ABSOLUTE
    ..\Libraries\src\stm32f10x_flash.c       0x00000000   Number         0  stm32f10x_flash.o ABSOLUTE
    ..\Libraries\src\stm32f10x_gpio.c        0x00000000   Number         0  stm32f10x_gpio.o ABSOLUTE
    ..\Libraries\src\stm32f10x_rcc.c         0x00000000   Number         0  stm32f10x_rcc.o ABSOLUTE
    ..\Libraries\src\stm32f10x_rtc.c         0x00000000   Number         0  stm32f10x_rtc.o ABSOLUTE
    ..\Libraries\src\stm32f10x_tim.c         0x00000000   Number         0  stm32f10x_tim.o ABSOLUTE
    ..\Libraries\src\stm32f10x_usart.c       0x00000000   Number         0  stm32f10x_usart.o ABSOLUTE
    ..\SYSTEM\delay\delay.c                  0x00000000   Number         0  delay.o ABSOLUTE
    ..\SYSTEM\sys\sys.c                      0x00000000   Number         0  sys.o ABSOLUTE
    ..\System\usart\usart1.c                 0x00000000   Number         0  usart1.o ABSOLUTE
    ..\\CMSIS\\core_cm3.c                    0x00000000   Number         0  core_cm3.o ABSOLUTE
    dc.s                                     0x00000000   Number         0  dc.o ABSOLUTE
    main.c                                   0x00000000   Number         0  main.o ABSOLUTE
    stm32f10x_it.c                           0x00000000   Number         0  stm32f10x_it.o ABSOLUTE
    system_stm32f10x.c                       0x00000000   Number         0  system_stm32f10x.o ABSOLUTE
    RESET                                    0x08000000   Section      236  startup_stm32f10x_md.o(RESET)
    !!!main                                  0x080000ec   Section        8  __main.o(!!!main)
    !!!scatter                               0x080000f4   Section       52  __scatter.o(!!!scatter)
    !!handler_copy                           0x08000128   Section       26  __scatter_copy.o(!!handler_copy)
    !!handler_zi                             0x08000144   Section       28  __scatter_zi.o(!!handler_zi)
    .ARM.Collect$$_printf_percent$$00000000  0x08000160   Section        0  _printf_percent.o(.ARM.Collect$$_printf_percent$$00000000)
    .ARM.Collect$$_printf_percent$$00000009  0x08000160   Section        6  _printf_d.o(.ARM.Collect$$_printf_percent$$00000009)
    .ARM.Collect$$_printf_percent$$0000000C  0x08000166   Section        6  _printf_x.o(.ARM.Collect$$_printf_percent$$0000000C)
    .ARM.Collect$$_printf_percent$$00000014  0x0800016c   Section        6  _printf_s.o(.ARM.Collect$$_printf_percent$$00000014)
    .ARM.Collect$$_printf_percent$$00000017  0x08000172   Section        4  _printf_percent_end.o(.ARM.Collect$$_printf_percent$$00000017)
    .ARM.Collect$$libinit$$00000000          0x08000176   Section        2  libinit.o(.ARM.Collect$$libinit$$00000000)
    .ARM.Collect$$libinit$$00000002          0x08000178   Section        0  libinit2.o(.ARM.Collect$$libinit$$00000002)
    .ARM.Collect$$libinit$$00000004          0x08000178   Section        0  libinit2.o(.ARM.Collect$$libinit$$00000004)
    .ARM.Collect$$libinit$$0000000A          0x08000178   Section        0  libinit2.o(.ARM.Collect$$libinit$$0000000A)
    .ARM.Collect$$libinit$$0000000C          0x08000178   Section        0  libinit2.o(.ARM.Collect$$libinit$$0000000C)
    .ARM.Collect$$libinit$$0000000E          0x08000178   Section        0  libinit2.o(.ARM.Collect$$libinit$$0000000E)
    .ARM.Collect$$libinit$$00000011          0x08000178   Section        0  libinit2.o(.ARM.Collect$$libinit$$00000011)
    .ARM.Collect$$libinit$$00000013          0x08000178   Section        0  libinit2.o(.ARM.Collect$$libinit$$00000013)
    .ARM.Collect$$libinit$$00000015          0x08000178   Section        0  libinit2.o(.ARM.Collect$$libinit$$00000015)
    .ARM.Collect$$libinit$$00000017          0x08000178   Section        0  libinit2.o(.ARM.Collect$$libinit$$00000017)
    .ARM.Collect$$libinit$$00000019          0x08000178   Section        0  libinit2.o(.ARM.Collect$$libinit$$00000019)
    .ARM.Collect$$libinit$$0000001B          0x08000178   Section        0  libinit2.o(.ARM.Collect$$libinit$$0000001B)
    .ARM.Collect$$libinit$$0000001D          0x08000178   Section        0  libinit2.o(.ARM.Collect$$libinit$$0000001D)
    .ARM.Collect$$libinit$$0000001F          0x08000178   Section        0  libinit2.o(.ARM.Collect$$libinit$$0000001F)
    .ARM.Collect$$libinit$$00000021          0x08000178   Section        0  libinit2.o(.ARM.Collect$$libinit$$00000021)
    .ARM.Collect$$libinit$$00000023          0x08000178   Section        0  libinit2.o(.ARM.Collect$$libinit$$00000023)
    .ARM.Collect$$libinit$$00000025          0x08000178   Section        0  libinit2.o(.ARM.Collect$$libinit$$00000025)
    .ARM.Collect$$libinit$$0000002C          0x08000178   Section        0  libinit2.o(.ARM.Collect$$libinit$$0000002C)
    .ARM.Collect$$libinit$$0000002E          0x08000178   Section        0  libinit2.o(.ARM.Collect$$libinit$$0000002E)
    .ARM.Collect$$libinit$$00000030          0x08000178   Section        0  libinit2.o(.ARM.Collect$$libinit$$00000030)
    .ARM.Collect$$libinit$$00000032          0x08000178   Section        0  libinit2.o(.ARM.Collect$$libinit$$00000032)
    .ARM.Collect$$libinit$$00000033          0x08000178   Section        2  libinit2.o(.ARM.Collect$$libinit$$00000033)
    .ARM.Collect$$libshutdown$$00000000      0x0800017a   Section        2  libshutdown.o(.ARM.Collect$$libshutdown$$00000000)
    .ARM.Collect$$libshutdown$$00000002      0x0800017c   Section        0  libshutdown2.o(.ARM.Collect$$libshutdown$$00000002)
    .ARM.Collect$$libshutdown$$00000004      0x0800017c   Section        0  libshutdown2.o(.ARM.Collect$$libshutdown$$00000004)
    .ARM.Collect$$libshutdown$$00000007      0x0800017c   Section        0  libshutdown2.o(.ARM.Collect$$libshutdown$$00000007)
    .ARM.Collect$$libshutdown$$0000000A      0x0800017c   Section        0  libshutdown2.o(.ARM.Collect$$libshutdown$$0000000A)
    .ARM.Collect$$libshutdown$$0000000C      0x0800017c   Section        0  libshutdown2.o(.ARM.Collect$$libshutdown$$0000000C)
    .ARM.Collect$$libshutdown$$0000000F      0x0800017c   Section        0  libshutdown2.o(.ARM.Collect$$libshutdown$$0000000F)
    .ARM.Collect$$libshutdown$$00000010      0x0800017c   Section        2  libshutdown2.o(.ARM.Collect$$libshutdown$$00000010)
    .ARM.Collect$$rtentry$$00000000          0x0800017e   Section        0  __rtentry.o(.ARM.Collect$$rtentry$$00000000)
    .ARM.Collect$$rtentry$$00000002          0x0800017e   Section        0  __rtentry2.o(.ARM.Collect$$rtentry$$00000002)
    .ARM.Collect$$rtentry$$00000004          0x0800017e   Section        6  __rtentry4.o(.ARM.Collect$$rtentry$$00000004)
    .ARM.Collect$$rtentry$$00000009          0x08000184   Section        0  __rtentry2.o(.ARM.Collect$$rtentry$$00000009)
    .ARM.Collect$$rtentry$$0000000A          0x08000184   Section        4  __rtentry2.o(.ARM.Collect$$rtentry$$0000000A)
    .ARM.Collect$$rtentry$$0000000C          0x08000188   Section        0  __rtentry2.o(.ARM.Collect$$rtentry$$0000000C)
    .ARM.Collect$$rtentry$$0000000D          0x08000188   Section        8  __rtentry2.o(.ARM.Collect$$rtentry$$0000000D)
    .ARM.Collect$$rtexit$$00000000           0x08000190   Section        2  rtexit.o(.ARM.Collect$$rtexit$$00000000)
    .ARM.Collect$$rtexit$$00000002           0x08000192   Section        0  rtexit2.o(.ARM.Collect$$rtexit$$00000002)
    .ARM.Collect$$rtexit$$00000003           0x08000192   Section        4  rtexit2.o(.ARM.Collect$$rtexit$$00000003)
    .ARM.Collect$$rtexit$$00000004           0x08000196   Section        6  rtexit2.o(.ARM.Collect$$rtexit$$00000004)
    .text                                    0x0800019c   Section       64  startup_stm32f10x_md.o(.text)
    .text                                    0x080001dc   Section        2  use_no_semi_2.o(.text)
    .text                                    0x080001e0   Section        0  noretval__2sprintf.o(.text)
    .text                                    0x08000208   Section        0  _printf_pad.o(.text)
    .text                                    0x08000256   Section        0  _printf_str.o(.text)
    .text                                    0x080002a8   Section        0  _printf_dec.o(.text)
    .text                                    0x08000320   Section        0  _printf_hex_int.o(.text)
    .text                                    0x08000378   Section        0  __printf_flags_wp.o(.text)
    .text                                    0x080004b0   Section        0  strstr.o(.text)
    .text                                    0x080004d4   Section       16  aeabi_memset.o(.text)
    .text                                    0x080004e4   Section       68  rt_memclr.o(.text)
    .text                                    0x08000528   Section        0  heapauxi.o(.text)
    .text                                    0x0800052e   Section        2  use_no_semi.o(.text)
    .text                                    0x08000530   Section        0  _printf_intcommon.o(.text)
    .text                                    0x080005e4   Section        0  _printf_char_common.o(.text)
    _printf_input_char                       0x080005e5   Thumb Code    10  _printf_char_common.o(.text)
    .text                                    0x08000614   Section        0  _sputc.o(.text)
    .text                                    0x0800061e   Section        0  _printf_char.o(.text)
    .text                                    0x0800064a   Section       78  rt_memclr_w.o(.text)
    .text                                    0x08000698   Section       74  sys_stackheap_outer.o(.text)
    .text                                    0x080006e2   Section        0  exit.o(.text)
    .text                                    0x080006f4   Section        8  libspace.o(.text)
    i.ADD_ID_MODE                            0x080006fc   Section        0  main.o(i.ADD_ID_MODE)
    i.AS608_Add_Fingerprint                  0x0800080c   Section        0  as608.o(i.AS608_Add_Fingerprint)
    i.AS608_Cmd_Get_Img                      0x0800083c   Section        0  as608.o(i.AS608_Cmd_Get_Img)
    i.AS608_Cmd_Send_Pack_Head               0x08000864   Section        0  as608.o(i.AS608_Cmd_Send_Pack_Head)
    i.AS608_Find_Fingerprint                 0x08000874   Section        0  as608.o(i.AS608_Find_Fingerprint)
    i.AS608_Receive_Data                     0x08000894   Section        0  as608.o(i.AS608_Receive_Data)
    i.BEEP_AND_RELAY_GPIO_Init               0x080008b0   Section        0  gpio.o(i.BEEP_AND_RELAY_GPIO_Init)
    i.BusFault_Handler                       0x08000910   Section        0  stm32f10x_it.o(i.BusFault_Handler)
    i.BuzzerRingsNum                         0x08000914   Section        0  main.o(i.BuzzerRingsNum)
    i.CHECK_NEW_MCU                          0x08000950   Section        0  main.o(i.CHECK_NEW_MCU)
    i.COMPER_ID_MODE                         0x080009c8   Section        0  main.o(i.COMPER_ID_MODE)
    i.CalulateCRC                            0x08000aa4   Section        0  rc522_function.o(i.CalulateCRC)
    i.Cancel                                 0x08000b10   Section        0  main.o(i.Cancel)
    i.ClearBitMask                           0x08000ba4   Section        0  rc522_function.o(i.ClearBitMask)
    i.DEL_ID_MODE                            0x08000bc0   Section        0  main.o(i.DEL_ID_MODE)
    i.Dao_xu                                 0x08000cdc   Section        0  lcd1602.o(i.Dao_xu)
    i.DataInit                               0x08000d04   Section        0  main.o(i.DataInit)
    i.DebugMon_Handler                       0x08000d28   Section        0  stm32f10x_it.o(i.DebugMon_Handler)
    i.Ensure                                 0x08000d2c   Section        0  main.o(i.Ensure)
    i.FINGERPRINT_Cmd_Delete_All_Model       0x08000fe8   Section        0  as608.o(i.FINGERPRINT_Cmd_Delete_All_Model)
    i.FINGERPRINT_Cmd_Img_To_Buffer1         0x08001010   Section        0  as608.o(i.FINGERPRINT_Cmd_Img_To_Buffer1)
    i.FINGERPRINT_Cmd_Img_To_Buffer2         0x08001038   Section        0  as608.o(i.FINGERPRINT_Cmd_Img_To_Buffer2)
    i.FINGERPRINT_Cmd_Reg_Model              0x08001060   Section        0  as608.o(i.FINGERPRINT_Cmd_Reg_Model)
    i.FINGERPRINT_Cmd_Save_Finger            0x08001088   Section        0  as608.o(i.FINGERPRINT_Cmd_Save_Finger)
    i.FINGERPRINT_Cmd_Search_Finger          0x080010d8   Section        0  as608.o(i.FINGERPRINT_Cmd_Search_Finger)
    i.FLASH_ErasePage                        0x08001110   Section        0  stm32f10x_flash.o(i.FLASH_ErasePage)
    i.FLASH_GetBank1Status                   0x0800115c   Section        0  stm32f10x_flash.o(i.FLASH_GetBank1Status)
    i.FLASH_Lock                             0x08001190   Section        0  stm32f10x_flash.o(i.FLASH_Lock)
    i.FLASH_ProgramHalfWord                  0x080011a4   Section        0  stm32f10x_flash.o(i.FLASH_ProgramHalfWord)
    i.FLASH_Unlock                           0x080011e4   Section        0  stm32f10x_flash.o(i.FLASH_Unlock)
    i.FLASH_WaitForLastOperation             0x080011fc   Section        0  stm32f10x_flash.o(i.FLASH_WaitForLastOperation)
    i.GET_PID                                0x08001222   Section        0  rc522_function.o(i.GET_PID)
    i.GPIO_Init                              0x0800125e   Section        0  stm32f10x_gpio.o(i.GPIO_Init)
    i.GPIO_PinRemapConfig                    0x08001374   Section        0  stm32f10x_gpio.o(i.GPIO_PinRemapConfig)
    i.GPIO_ReadInputData                     0x08001404   Section        0  stm32f10x_gpio.o(i.GPIO_ReadInputData)
    i.GPIO_ReadInputDataBit                  0x0800140c   Section        0  stm32f10x_gpio.o(i.GPIO_ReadInputDataBit)
    i.GPIO_ReadOutputData                    0x0800141e   Section        0  stm32f10x_gpio.o(i.GPIO_ReadOutputData)
    i.GPIO_ResetBits                         0x08001426   Section        0  stm32f10x_gpio.o(i.GPIO_ResetBits)
    i.GPIO_SetBits                           0x0800142a   Section        0  stm32f10x_gpio.o(i.GPIO_SetBits)
    i.GPIO_Write                             0x0800142e   Section        0  stm32f10x_gpio.o(i.GPIO_Write)
    i.GPIO_WriteBit                          0x08001432   Section        0  stm32f10x_gpio.o(i.GPIO_WriteBit)
    i.HardFault_Handler                      0x0800143c   Section        0  stm32f10x_it.o(i.HardFault_Handler)
    i.KEYSCAN                                0x08001440   Section        0  gpio.o(i.KEYSCAN)
    i.KEY_DELAY                              0x08001594   Section        0  gpio.o(i.KEY_DELAY)
    i.KEY_GPIO_Init                          0x080015a8   Section        0  gpio.o(i.KEY_GPIO_Init)
    i.KeyPress                               0x080015c0   Section        0  main.o(i.KeyPress)
    i.LCD_Init                               0x080017a8   Section        0  lcd1602.o(i.LCD_Init)
    i.LCD_Write_Com                          0x08001848   Section        0  lcd1602.o(i.LCD_Write_Com)
    i.LCD_Write_Data                         0x080018ac   Section        0  lcd1602.o(i.LCD_Write_Data)
    i.LCD_Write_String                       0x0800190c   Section        0  lcd1602.o(i.LCD_Write_String)
    i.M500PcdConfigISOType                   0x0800193e   Section        0  rc522_function.o(i.M500PcdConfigISOType)
    i.MemManage_Handler                      0x08001992   Section        0  stm32f10x_it.o(i.MemManage_Handler)
    i.NMI_Handler                            0x08001996   Section        0  stm32f10x_it.o(i.NMI_Handler)
    i.NVIC_Configuration                     0x08001998   Section        0  sys.o(i.NVIC_Configuration)
    i.NVIC_Init                              0x080019a4   Section        0  misc.o(i.NVIC_Init)
    i.NVIC_PriorityGroupConfig               0x08001a14   Section        0  misc.o(i.NVIC_PriorityGroupConfig)
    i.PA15_AND_PB3_5IN_AND_PB6_9OUT          0x08001a28   Section        0  gpio.o(i.PA15_AND_PB3_5IN_AND_PB6_9OUT)
    i.PA15_AND_PB3_5OUT_AND_PB6_9IN          0x08001a90   Section        0  gpio.o(i.PA15_AND_PB3_5OUT_AND_PB6_9IN)
    i.PS_StaGPIO_Init                        0x08001af8   Section        0  as608.o(i.PS_StaGPIO_Init)
    i.PcdAntennaOn                           0x08001b24   Section        0  rc522_function.o(i.PcdAntennaOn)
    i.PcdAnticoll                            0x08001b3e   Section        0  rc522_function.o(i.PcdAnticoll)
    i.PcdComMF522                            0x08001bb0   Section        0  rc522_function.o(i.PcdComMF522)
    i.PcdRequest                             0x08001ce2   Section        0  rc522_function.o(i.PcdRequest)
    i.PcdReset                               0x08001d38   Section        0  rc522_function.o(i.PcdReset)
    i.PcdSelect                              0x08001dc0   Section        0  rc522_function.o(i.PcdSelect)
    i.PendSV_Handler                         0x08001e32   Section        0  stm32f10x_it.o(i.PendSV_Handler)
    i.RC522_Init                             0x08001e34   Section        0  rc522_config.o(i.RC522_Init)
    i.RC522_SCAN                             0x08001e58   Section        0  main.o(i.RC522_SCAN)
    i.RC522_SPI_Config                       0x08001fa4   Section        0  rc522_config.o(i.RC522_SPI_Config)
    RC522_SPI_Config                         0x08001fa5   Thumb Code   178  rc522_config.o(i.RC522_SPI_Config)
    i.RCC_APB1PeriphClockCmd                 0x08002060   Section        0  stm32f10x_rcc.o(i.RCC_APB1PeriphClockCmd)
    i.RCC_APB1PeriphResetCmd                 0x08002080   Section        0  stm32f10x_rcc.o(i.RCC_APB1PeriphResetCmd)
    i.RCC_APB2PeriphClockCmd                 0x080020a0   Section        0  stm32f10x_rcc.o(i.RCC_APB2PeriphClockCmd)
    i.RCC_APB2PeriphResetCmd                 0x080020c0   Section        0  stm32f10x_rcc.o(i.RCC_APB2PeriphResetCmd)
    i.RCC_GetClocksFreq                      0x080020e0   Section        0  stm32f10x_rcc.o(i.RCC_GetClocksFreq)
    i.READ_DATA_FOR_FLASH                    0x080021b4   Section        0  main.o(i.READ_DATA_FOR_FLASH)
    i.READ_IC_NUM_FOR_FLASH                  0x080021cc   Section        0  main.o(i.READ_IC_NUM_FOR_FLASH)
    i.ReadRawRC                              0x080021e8   Section        0  rc522_function.o(i.ReadRawRC)
    i.ResetPassword                          0x08002220   Section        0  main.o(i.ResetPassword)
    i.SPI_RC522_ReadByte                     0x080023e8   Section        0  rc522_function.o(i.SPI_RC522_ReadByte)
    i.SPI_RC522_SendByte                     0x08002440   Section        0  rc522_function.o(i.SPI_RC522_SendByte)
    i.STMFLASH_Read                          0x0800249c   Section        0  stmflash.o(i.STMFLASH_Read)
    i.STMFLASH_ReadHalfWord                  0x080024be   Section        0  stmflash.o(i.STMFLASH_ReadHalfWord)
    i.STMFLASH_Write                         0x080024c4   Section        0  stmflash.o(i.STMFLASH_Write)
    i.STMFLASH_Write_NoCheck                 0x080025ac   Section        0  stmflash.o(i.STMFLASH_Write_NoCheck)
    i.SVC_Handler                            0x080025d2   Section        0  stm32f10x_it.o(i.SVC_Handler)
    i.SetBitMask                             0x080025d4   Section        0  rc522_function.o(i.SetBitMask)
    i.SetSysClock                            0x080025ee   Section        0  system_stm32f10x.o(i.SetSysClock)
    SetSysClock                              0x080025ef   Thumb Code     8  system_stm32f10x.o(i.SetSysClock)
    i.SetSysClockTo72                        0x080025f8   Section        0  system_stm32f10x.o(i.SetSysClockTo72)
    SetSysClockTo72                          0x080025f9   Thumb Code   214  system_stm32f10x.o(i.SetSysClockTo72)
    i.SysTick_CLKSourceConfig                0x080026d8   Section        0  misc.o(i.SysTick_CLKSourceConfig)
    i.SysTick_Handler                        0x08002700   Section        0  stm32f10x_it.o(i.SysTick_Handler)
    i.SystemInit                             0x08002704   Section        0  system_stm32f10x.o(i.SystemInit)
    i.TIM2_IRQHandler                        0x08002764   Section        0  timer.o(i.TIM2_IRQHandler)
    i.TIM2_Init                              0x080027e0   Section        0  timer.o(i.TIM2_Init)
    i.TIM_ClearITPendingBit                  0x0800283c   Section        0  stm32f10x_tim.o(i.TIM_ClearITPendingBit)
    i.TIM_Cmd                                0x08002842   Section        0  stm32f10x_tim.o(i.TIM_Cmd)
    i.TIM_GetITStatus                        0x0800285a   Section        0  stm32f10x_tim.o(i.TIM_GetITStatus)
    i.TIM_ITConfig                           0x0800287c   Section        0  stm32f10x_tim.o(i.TIM_ITConfig)
    i.TIM_TimeBaseInit                       0x08002890   Section        0  stm32f10x_tim.o(i.TIM_TimeBaseInit)
    i.USART1_IRQHandler                      0x08002934   Section        0  usart1.o(i.USART1_IRQHandler)
    i.USART_ClearITPendingBit                0x08002980   Section        0  stm32f10x_usart.o(i.USART_ClearITPendingBit)
    i.USART_Cmd                              0x0800299e   Section        0  stm32f10x_usart.o(i.USART_Cmd)
    i.USART_DeInit                           0x080029b8   Section        0  stm32f10x_usart.o(i.USART_DeInit)
    i.USART_GetITStatus                      0x08002a54   Section        0  stm32f10x_usart.o(i.USART_GetITStatus)
    i.USART_ITConfig                         0x08002aa8   Section        0  stm32f10x_usart.o(i.USART_ITConfig)
    i.USART_Init                             0x08002af4   Section        0  stm32f10x_usart.o(i.USART_Init)
    i.USART_ReceiveData                      0x08002bcc   Section        0  stm32f10x_usart.o(i.USART_ReceiveData)
    i.UsageFault_Handler                     0x08002bd6   Section        0  stm32f10x_it.o(i.UsageFault_Handler)
    i.WRITE_DATA_TO_FLASH                    0x08002bdc   Section        0  main.o(i.WRITE_DATA_TO_FLASH)
    i.WRITE_IC_NUM_TO_FLASH                  0x08002bf8   Section        0  main.o(i.WRITE_IC_NUM_TO_FLASH)
    i.WriteRawRC                             0x08002c1c   Section        0  rc522_function.o(i.WriteRawRC)
    i._is_digit                              0x08002c50   Section        0  __printf_wp.o(i._is_digit)
    i._sys_exit                              0x08002c5e   Section        0  usart1.o(i._sys_exit)
    i.delay_init                             0x08002c64   Section        0  delay.o(i.delay_init)
    i.delay_ms                               0x08002ca8   Section        0  delay.o(i.delay_ms)
    i.delay_us                               0x08002cf4   Section        0  delay.o(i.delay_us)
    i.display_user_id                        0x08002d40   Section        0  main.o(i.display_user_id)
    i.finger_ctrl                            0x08002dbc   Section        0  main.o(i.finger_ctrl)
    i.main                                   0x08002e64   Section        0  main.o(i.main)
    i.uart1_Init                             0x08002fc4   Section        0  usart1.o(i.uart1_Init)
    i.uart1_send                             0x08003080   Section        0  usart1.o(i.uart1_send)
    i.uart_recv                              0x080030ac   Section        0  as608.o(i.uart_recv)
    .constdata                               0x08003100   Section       40  _printf_hex_int.o(.constdata)
    uc_hextab                                0x08003100   Data          20  _printf_hex_int.o(.constdata)
    lc_hextab                                0x08003114   Data          20  _printf_hex_int.o(.constdata)
    .constdata                               0x08003128   Section       17  __printf_flags_wp.o(.constdata)
    maptable                                 0x08003128   Data          17  __printf_flags_wp.o(.constdata)
    .data                                    0x20000000   Section       20  stm32f10x_rcc.o(.data)
    APBAHBPrescTable                         0x20000000   Data          16  stm32f10x_rcc.o(.data)
    ADCPrescTable                            0x20000010   Data           4  stm32f10x_rcc.o(.data)
    .data                                    0x20000014   Section        1  timer.o(.data)
    time_count                               0x20000014   Data           1  timer.o(.data)
    .data                                    0x20000015   Section       68  as608.o(.data)
    .data                                    0x2000005a   Section       55  main.o(.data)
    i                                        0x20000090   Data           1  main.o(.data)
    .data                                    0x20000094   Section       20  system_stm32f10x.o(.data)
    .data                                    0x200000a8   Section        4  delay.o(.data)
    fac_us                                   0x200000a8   Data           1  delay.o(.data)
    fac_ms                                   0x200000aa   Data           2  delay.o(.data)
    .data                                    0x200000ac   Section        8  usart1.o(.data)
    .bss                                     0x200000b4   Section     1024  stmflash.o(.bss)
    .bss                                     0x200004b4   Section       24  as608.o(.bss)
    .bss                                     0x200004cc   Section       10  main.o(.bss)
    .bss                                     0x200004d6   Section       48  usart1.o(.bss)
    .bss                                     0x20000508   Section       96  libspace.o(.bss)
    HEAP                                     0x20000568   Section      512  startup_stm32f10x_md.o(HEAP)
    Heap_Mem                                 0x20000568   Data         512  startup_stm32f10x_md.o(HEAP)
    STACK                                    0x20000768   Section     1024  startup_stm32f10x_md.o(STACK)
    Stack_Mem                                0x20000768   Data        1024  startup_stm32f10x_md.o(STACK)
    __initial_sp                             0x20000b68   Data           0  startup_stm32f10x_md.o(STACK)

    Global Symbols

    Symbol Name                              Value     Ov Type        Size  Object(Section)

    BuildAttributes$$THM_ISAv4$P$D$K$B$S$PE$A:L22UL41UL21$X:L11$S22US41US21$IEEE1$IW$USESV6$~STKCKD$USESV7$~SHL$OSPACE$ROPI$EBA8$UX$STANDARDLIB$REQ8$PRES8$EABIv2 0x00000000   Number         0  anon$$obj.o ABSOLUTE
    __ARM_use_no_argv                        0x00000000   Number         0  main.o ABSOLUTE
    _printf_flags                            0x00000000   Number         0  printf_stubs.o ABSOLUTE
    _printf_return_value                     0x00000000   Number         0  printf_stubs.o ABSOLUTE
    _printf_sizespec                         0x00000000   Number         0  printf_stubs.o ABSOLUTE
    _printf_widthprec                        0x00000000   Number         0  printf_stubs.o ABSOLUTE
    __ARM_exceptions_init                     - Undefined Weak Reference
    __alloca_initialize                       - Undefined Weak Reference
    __arm_preinit_                            - Undefined Weak Reference
    __cpp_initialize__aeabi_                  - Undefined Weak Reference
    __cxa_finalize                            - Undefined Weak Reference
    __rt_locale                               - Undefined Weak Reference
    __sigvec_lookup                           - Undefined Weak Reference
    _atexit_init                              - Undefined Weak Reference
    _call_atexit_fns                          - Undefined Weak Reference
    _clock_init                               - Undefined Weak Reference
    _fp_trap_init                             - Undefined Weak Reference
    _fp_trap_shutdown                         - Undefined Weak Reference
    _get_lc_collate                           - Undefined Weak Reference
    _get_lc_ctype                             - Undefined Weak Reference
    _get_lc_monetary                          - Undefined Weak Reference
    _get_lc_numeric                           - Undefined Weak Reference
    _get_lc_time                              - Undefined Weak Reference
    _getenv_init                              - Undefined Weak Reference
    _handle_redirection                       - Undefined Weak Reference
    _init_alloc                               - Undefined Weak Reference
    _init_user_alloc                          - Undefined Weak Reference
    _initio                                   - Undefined Weak Reference
    _mutex_acquire                            - Undefined Weak Reference
    _mutex_release                            - Undefined Weak Reference
    _printf_mbtowc                            - Undefined Weak Reference
    _printf_truncate_signed                   - Undefined Weak Reference
    _printf_truncate_unsigned                 - Undefined Weak Reference
    _rand_init                                - Undefined Weak Reference
    _signal_finish                            - Undefined Weak Reference
    _signal_init                              - Undefined Weak Reference
    _terminate_alloc                          - Undefined Weak Reference
    _terminate_user_alloc                     - Undefined Weak Reference
    _terminateio                              - Undefined Weak Reference
    __Vectors_Size                           0x000000ec   Number         0  startup_stm32f10x_md.o ABSOLUTE
    __Vectors                                0x08000000   Data           4  startup_stm32f10x_md.o(RESET)
    __Vectors_End                            0x080000ec   Data           0  startup_stm32f10x_md.o(RESET)
    __main                                   0x080000ed   Thumb Code     8  __main.o(!!!main)
    __scatterload                            0x080000f5   Thumb Code     0  __scatter.o(!!!scatter)
    __scatterload_rt2                        0x080000f5   Thumb Code    44  __scatter.o(!!!scatter)
    __scatterload_rt2_thumb_only             0x080000f5   Thumb Code     0  __scatter.o(!!!scatter)
    __scatterload_null                       0x08000103   Thumb Code     0  __scatter.o(!!!scatter)
    __scatterload_copy                       0x08000129   Thumb Code    26  __scatter_copy.o(!!handler_copy)
    __scatterload_zeroinit                   0x08000145   Thumb Code    28  __scatter_zi.o(!!handler_zi)
    _printf_d                                0x08000161   Thumb Code     0  _printf_d.o(.ARM.Collect$$_printf_percent$$00000009)
    _printf_percent                          0x08000161   Thumb Code     0  _printf_percent.o(.ARM.Collect$$_printf_percent$$00000000)
    _printf_x                                0x08000167   Thumb Code     0  _printf_x.o(.ARM.Collect$$_printf_percent$$0000000C)
    _printf_s                                0x0800016d   Thumb Code     0  _printf_s.o(.ARM.Collect$$_printf_percent$$00000014)
    _printf_percent_end                      0x08000173   Thumb Code     0  _printf_percent_end.o(.ARM.Collect$$_printf_percent$$00000017)
    __rt_lib_init                            0x08000177   Thumb Code     0  libinit.o(.ARM.Collect$$libinit$$00000000)
    __rt_lib_init_alloca_1                   0x08000179   Thumb Code     0  libinit2.o(.ARM.Collect$$libinit$$0000002E)
    __rt_lib_init_argv_1                     0x08000179   Thumb Code     0  libinit2.o(.ARM.Collect$$libinit$$0000002C)
    __rt_lib_init_atexit_1                   0x08000179   Thumb Code     0  libinit2.o(.ARM.Collect$$libinit$$0000001B)
    __rt_lib_init_clock_1                    0x08000179   Thumb Code     0  libinit2.o(.ARM.Collect$$libinit$$00000021)
    __rt_lib_init_cpp_1                      0x08000179   Thumb Code     0  libinit2.o(.ARM.Collect$$libinit$$00000032)
    __rt_lib_init_exceptions_1               0x08000179   Thumb Code     0  libinit2.o(.ARM.Collect$$libinit$$00000030)
    __rt_lib_init_fp_1                       0x08000179   Thumb Code     0  libinit2.o(.ARM.Collect$$libinit$$00000002)
    __rt_lib_init_fp_trap_1                  0x08000179   Thumb Code     0  libinit2.o(.ARM.Collect$$libinit$$0000001F)
    __rt_lib_init_getenv_1                   0x08000179   Thumb Code     0  libinit2.o(.ARM.Collect$$libinit$$00000023)
    __rt_lib_init_heap_1                     0x08000179   Thumb Code     0  libinit2.o(.ARM.Collect$$libinit$$0000000A)
    __rt_lib_init_lc_collate_1               0x08000179   Thumb Code     0  libinit2.o(.ARM.Collect$$libinit$$00000011)
    __rt_lib_init_lc_ctype_1                 0x08000179   Thumb Code     0  libinit2.o(.ARM.Collect$$libinit$$00000013)
    __rt_lib_init_lc_monetary_1              0x08000179   Thumb Code     0  libinit2.o(.ARM.Collect$$libinit$$00000015)
    __rt_lib_init_lc_numeric_1               0x08000179   Thumb Code     0  libinit2.o(.ARM.Collect$$libinit$$00000017)
    __rt_lib_init_lc_time_1                  0x08000179   Thumb Code     0  libinit2.o(.ARM.Collect$$libinit$$00000019)
    __rt_lib_init_preinit_1                  0x08000179   Thumb Code     0  libinit2.o(.ARM.Collect$$libinit$$00000004)
    __rt_lib_init_rand_1                     0x08000179   Thumb Code     0  libinit2.o(.ARM.Collect$$libinit$$0000000E)
    __rt_lib_init_return                     0x08000179   Thumb Code     0  libinit2.o(.ARM.Collect$$libinit$$00000033)
    __rt_lib_init_signal_1                   0x08000179   Thumb Code     0  libinit2.o(.ARM.Collect$$libinit$$0000001D)
    __rt_lib_init_stdio_1                    0x08000179   Thumb Code     0  libinit2.o(.ARM.Collect$$libinit$$00000025)
    __rt_lib_init_user_alloc_1               0x08000179   Thumb Code     0  libinit2.o(.ARM.Collect$$libinit$$0000000C)
    __rt_lib_shutdown                        0x0800017b   Thumb Code     0  libshutdown.o(.ARM.Collect$$libshutdown$$00000000)
    __rt_lib_shutdown_cpp_1                  0x0800017d   Thumb Code     0  libshutdown2.o(.ARM.Collect$$libshutdown$$00000002)
    __rt_lib_shutdown_fp_trap_1              0x0800017d   Thumb Code     0  libshutdown2.o(.ARM.Collect$$libshutdown$$00000007)
    __rt_lib_shutdown_heap_1                 0x0800017d   Thumb Code     0  libshutdown2.o(.ARM.Collect$$libshutdown$$0000000F)
    __rt_lib_shutdown_return                 0x0800017d   Thumb Code     0  libshutdown2.o(.ARM.Collect$$libshutdown$$00000010)
    __rt_lib_shutdown_signal_1               0x0800017d   Thumb Code     0  libshutdown2.o(.ARM.Collect$$libshutdown$$0000000A)
    __rt_lib_shutdown_stdio_1                0x0800017d   Thumb Code     0  libshutdown2.o(.ARM.Collect$$libshutdown$$00000004)
    __rt_lib_shutdown_user_alloc_1           0x0800017d   Thumb Code     0  libshutdown2.o(.ARM.Collect$$libshutdown$$0000000C)
    __rt_entry                               0x0800017f   Thumb Code     0  __rtentry.o(.ARM.Collect$$rtentry$$00000000)
    __rt_entry_presh_1                       0x0800017f   Thumb Code     0  __rtentry2.o(.ARM.Collect$$rtentry$$00000002)
    __rt_entry_sh                            0x0800017f   Thumb Code     0  __rtentry4.o(.ARM.Collect$$rtentry$$00000004)
    __rt_entry_li                            0x08000185   Thumb Code     0  __rtentry2.o(.ARM.Collect$$rtentry$$0000000A)
    __rt_entry_postsh_1                      0x08000185   Thumb Code     0  __rtentry2.o(.ARM.Collect$$rtentry$$00000009)
    __rt_entry_main                          0x08000189   Thumb Code     0  __rtentry2.o(.ARM.Collect$$rtentry$$0000000D)
    __rt_entry_postli_1                      0x08000189   Thumb Code     0  __rtentry2.o(.ARM.Collect$$rtentry$$0000000C)
    __rt_exit                                0x08000191   Thumb Code     0  rtexit.o(.ARM.Collect$$rtexit$$00000000)
    __rt_exit_ls                             0x08000193   Thumb Code     0  rtexit2.o(.ARM.Collect$$rtexit$$00000003)
    __rt_exit_prels_1                        0x08000193   Thumb Code     0  rtexit2.o(.ARM.Collect$$rtexit$$00000002)
    __rt_exit_exit                           0x08000197   Thumb Code     0  rtexit2.o(.ARM.Collect$$rtexit$$00000004)
    Reset_Handler                            0x0800019d   Thumb Code     8  startup_stm32f10x_md.o(.text)
    ADC1_2_IRQHandler                        0x080001b7   Thumb Code     0  startup_stm32f10x_md.o(.text)
    CAN1_RX1_IRQHandler                      0x080001b7   Thumb Code     0  startup_stm32f10x_md.o(.text)
    CAN1_SCE_IRQHandler                      0x080001b7   Thumb Code     0  startup_stm32f10x_md.o(.text)
    DMA1_Channel1_IRQHandler                 0x080001b7   Thumb Code     0  startup_stm32f10x_md.o(.text)
    DMA1_Channel2_IRQHandler                 0x080001b7   Thumb Code     0  startup_stm32f10x_md.o(.text)
    DMA1_Channel3_IRQHandler                 0x080001b7   Thumb Code     0  startup_stm32f10x_md.o(.text)
    DMA1_Channel4_IRQHandler                 0x080001b7   Thumb Code     0  startup_stm32f10x_md.o(.text)
    DMA1_Channel5_IRQHandler                 0x080001b7   Thumb Code     0  startup_stm32f10x_md.o(.text)
    DMA1_Channel6_IRQHandler                 0x080001b7   Thumb Code     0  startup_stm32f10x_md.o(.text)
    DMA1_Channel7_IRQHandler                 0x080001b7   Thumb Code     0  startup_stm32f10x_md.o(.text)
    EXTI0_IRQHandler                         0x080001b7   Thumb Code     0  startup_stm32f10x_md.o(.text)
    EXTI15_10_IRQHandler                     0x080001b7   Thumb Code     0  startup_stm32f10x_md.o(.text)
    EXTI1_IRQHandler                         0x080001b7   Thumb Code     0  startup_stm32f10x_md.o(.text)
    EXTI2_IRQHandler                         0x080001b7   Thumb Code     0  startup_stm32f10x_md.o(.text)
    EXTI3_IRQHandler                         0x080001b7   Thumb Code     0  startup_stm32f10x_md.o(.text)
    EXTI4_IRQHandler                         0x080001b7   Thumb Code     0  startup_stm32f10x_md.o(.text)
    EXTI9_5_IRQHandler                       0x080001b7   Thumb Code     0  startup_stm32f10x_md.o(.text)
    FLASH_IRQHandler                         0x080001b7   Thumb Code     0  startup_stm32f10x_md.o(.text)
    I2C1_ER_IRQHandler                       0x080001b7   Thumb Code     0  startup_stm32f10x_md.o(.text)
    I2C1_EV_IRQHandler                       0x080001b7   Thumb Code     0  startup_stm32f10x_md.o(.text)
    I2C2_ER_IRQHandler                       0x080001b7   Thumb Code     0  startup_stm32f10x_md.o(.text)
    I2C2_EV_IRQHandler                       0x080001b7   Thumb Code     0  startup_stm32f10x_md.o(.text)
    PVD_IRQHandler                           0x080001b7   Thumb Code     0  startup_stm32f10x_md.o(.text)
    RCC_IRQHandler                           0x080001b7   Thumb Code     0  startup_stm32f10x_md.o(.text)
    RTCAlarm_IRQHandler                      0x080001b7   Thumb Code     0  startup_stm32f10x_md.o(.text)
    RTC_IRQHandler                           0x080001b7   Thumb Code     0  startup_stm32f10x_md.o(.text)
    SPI1_IRQHandler                          0x080001b7   Thumb Code     0  startup_stm32f10x_md.o(.text)
    SPI2_IRQHandler                          0x080001b7   Thumb Code     0  startup_stm32f10x_md.o(.text)
    TAMPER_IRQHandler                        0x080001b7   Thumb Code     0  startup_stm32f10x_md.o(.text)
    TIM1_BRK_IRQHandler                      0x080001b7   Thumb Code     0  startup_stm32f10x_md.o(.text)
    TIM1_CC_IRQHandler                       0x080001b7   Thumb Code     0  startup_stm32f10x_md.o(.text)
    TIM1_TRG_COM_IRQHandler                  0x080001b7   Thumb Code     0  startup_stm32f10x_md.o(.text)
    TIM1_UP_IRQHandler                       0x080001b7   Thumb Code     0  startup_stm32f10x_md.o(.text)
    TIM3_IRQHandler                          0x080001b7   Thumb Code     0  startup_stm32f10x_md.o(.text)
    TIM4_IRQHandler                          0x080001b7   Thumb Code     0  startup_stm32f10x_md.o(.text)
    USART2_IRQHandler                        0x080001b7   Thumb Code     0  startup_stm32f10x_md.o(.text)
    USART3_IRQHandler                        0x080001b7   Thumb Code     0  startup_stm32f10x_md.o(.text)
    USBWakeUp_IRQHandler                     0x080001b7   Thumb Code     0  startup_stm32f10x_md.o(.text)
    USB_HP_CAN1_TX_IRQHandler                0x080001b7   Thumb Code     0  startup_stm32f10x_md.o(.text)
    USB_LP_CAN1_RX0_IRQHandler               0x080001b7   Thumb Code     0  startup_stm32f10x_md.o(.text)
    WWDG_IRQHandler                          0x080001b7   Thumb Code     0  startup_stm32f10x_md.o(.text)
    __user_initial_stackheap                 0x080001b9   Thumb Code     0  startup_stm32f10x_md.o(.text)
    __use_no_semihosting                     0x080001dd   Thumb Code     2  use_no_semi_2.o(.text)
    __2sprintf                               0x080001e1   Thumb Code    34  noretval__2sprintf.o(.text)
    _printf_pre_padding                      0x08000209   Thumb Code    44  _printf_pad.o(.text)
    _printf_post_padding                     0x08000235   Thumb Code    34  _printf_pad.o(.text)
    _printf_str                              0x08000257   Thumb Code    82  _printf_str.o(.text)
    _printf_int_dec                          0x080002a9   Thumb Code   104  _printf_dec.o(.text)
    _printf_int_hex                          0x08000321   Thumb Code    84  _printf_hex_int.o(.text)
    _printf_longlong_hex                     0x08000321   Thumb Code     0  _printf_hex_int.o(.text)
    __printf                                 0x08000379   Thumb Code   308  __printf_flags_wp.o(.text)
    strstr                                   0x080004b1   Thumb Code    36  strstr.o(.text)
    __aeabi_memset                           0x080004d5   Thumb Code    16  aeabi_memset.o(.text)
    __aeabi_memclr                           0x080004e5   Thumb Code     0  rt_memclr.o(.text)
    __rt_memclr                              0x080004e5   Thumb Code    68  rt_memclr.o(.text)
    _memset                                  0x080004e9   Thumb Code     0  rt_memclr.o(.text)
    __use_two_region_memory                  0x08000529   Thumb Code     2  heapauxi.o(.text)
    __rt_heap_escrow$2region                 0x0800052b   Thumb Code     2  heapauxi.o(.text)
    __rt_heap_expand$2region                 0x0800052d   Thumb Code     2  heapauxi.o(.text)
    __I$use$semihosting                      0x0800052f   Thumb Code     0  use_no_semi.o(.text)
    __use_no_semihosting_swi                 0x0800052f   Thumb Code     2  use_no_semi.o(.text)
    _printf_int_common                       0x08000531   Thumb Code   178  _printf_intcommon.o(.text)
    _printf_char_common                      0x080005ef   Thumb Code    32  _printf_char_common.o(.text)
    _sputc                                   0x08000615   Thumb Code    10  _sputc.o(.text)
    _printf_cs_common                        0x0800061f   Thumb Code    20  _printf_char.o(.text)
    _printf_char                             0x08000633   Thumb Code    16  _printf_char.o(.text)
    _printf_string                           0x08000643   Thumb Code     8  _printf_char.o(.text)
    __aeabi_memclr4                          0x0800064b   Thumb Code     0  rt_memclr_w.o(.text)
    __aeabi_memclr8                          0x0800064b   Thumb Code     0  rt_memclr_w.o(.text)
    __rt_memclr_w                            0x0800064b   Thumb Code    78  rt_memclr_w.o(.text)
    _memset_w                                0x0800064f   Thumb Code     0  rt_memclr_w.o(.text)
    __user_setup_stackheap                   0x08000699   Thumb Code    74  sys_stackheap_outer.o(.text)
    exit                                     0x080006e3   Thumb Code    18  exit.o(.text)
    __user_libspace                          0x080006f5   Thumb Code     8  libspace.o(.text)
    __user_perproc_libspace                  0x080006f5   Thumb Code     0  libspace.o(.text)
    __user_perthread_libspace                0x080006f5   Thumb Code     0  libspace.o(.text)
    ADD_ID_MODE                              0x080006fd   Thumb Code   184  main.o(i.ADD_ID_MODE)
    AS608_Add_Fingerprint                    0x0800080d   Thumb Code    48  as608.o(i.AS608_Add_Fingerprint)
    AS608_Cmd_Get_Img                        0x0800083d   Thumb Code    32  as608.o(i.AS608_Cmd_Get_Img)
    AS608_Cmd_Send_Pack_Head                 0x08000865   Thumb Code    12  as608.o(i.AS608_Cmd_Send_Pack_Head)
    AS608_Find_Fingerprint                   0x08000875   Thumb Code    32  as608.o(i.AS608_Find_Fingerprint)
    AS608_Receive_Data                       0x08000895   Thumb Code    22  as608.o(i.AS608_Receive_Data)
    BEEP_AND_RELAY_GPIO_Init                 0x080008b1   Thumb Code    88  gpio.o(i.BEEP_AND_RELAY_GPIO_Init)
    BusFault_Handler                         0x08000911   Thumb Code     4  stm32f10x_it.o(i.BusFault_Handler)
    BuzzerRingsNum                           0x08000915   Thumb Code    50  main.o(i.BuzzerRingsNum)
    CHECK_NEW_MCU                            0x08000951   Thumb Code   100  main.o(i.CHECK_NEW_MCU)
    COMPER_ID_MODE                           0x080009c9   Thumb Code   146  main.o(i.COMPER_ID_MODE)
    CalulateCRC                              0x08000aa5   Thumb Code   108  rc522_function.o(i.CalulateCRC)
    Cancel                                   0x08000b11   Thumb Code    84  main.o(i.Cancel)
    ClearBitMask                             0x08000ba5   Thumb Code    26  rc522_function.o(i.ClearBitMask)
    DEL_ID_MODE                              0x08000bc1   Thumb Code   182  main.o(i.DEL_ID_MODE)
    Dao_xu                                   0x08000cdd   Thumb Code    40  lcd1602.o(i.Dao_xu)
    DataInit                                 0x08000d05   Thumb Code    28  main.o(i.DataInit)
    DebugMon_Handler                         0x08000d29   Thumb Code     2  stm32f10x_it.o(i.DebugMon_Handler)
    Ensure                                   0x08000d2d   Thumb Code   502  main.o(i.Ensure)
    FINGERPRINT_Cmd_Delete_All_Model         0x08000fe9   Thumb Code    32  as608.o(i.FINGERPRINT_Cmd_Delete_All_Model)
    FINGERPRINT_Cmd_Img_To_Buffer1           0x08001011   Thumb Code    32  as608.o(i.FINGERPRINT_Cmd_Img_To_Buffer1)
    FINGERPRINT_Cmd_Img_To_Buffer2           0x08001039   Thumb Code    32  as608.o(i.FINGERPRINT_Cmd_Img_To_Buffer2)
    FINGERPRINT_Cmd_Reg_Model                0x08001061   Thumb Code    32  as608.o(i.FINGERPRINT_Cmd_Reg_Model)
    FINGERPRINT_Cmd_Save_Finger              0x08001089   Thumb Code    72  as608.o(i.FINGERPRINT_Cmd_Save_Finger)
    FINGERPRINT_Cmd_Search_Finger            0x080010d9   Thumb Code    48  as608.o(i.FINGERPRINT_Cmd_Search_Finger)
    FLASH_ErasePage                          0x08001111   Thumb Code    72  stm32f10x_flash.o(i.FLASH_ErasePage)
    FLASH_GetBank1Status                     0x0800115d   Thumb Code    48  stm32f10x_flash.o(i.FLASH_GetBank1Status)
    FLASH_Lock                               0x08001191   Thumb Code    14  stm32f10x_flash.o(i.FLASH_Lock)
    FLASH_ProgramHalfWord                    0x080011a5   Thumb Code    60  stm32f10x_flash.o(i.FLASH_ProgramHalfWord)
    FLASH_Unlock                             0x080011e5   Thumb Code    12  stm32f10x_flash.o(i.FLASH_Unlock)
    FLASH_WaitForLastOperation               0x080011fd   Thumb Code    38  stm32f10x_flash.o(i.FLASH_WaitForLastOperation)
    GET_PID                                  0x08001223   Thumb Code    60  rc522_function.o(i.GET_PID)
    GPIO_Init                                0x0800125f   Thumb Code   278  stm32f10x_gpio.o(i.GPIO_Init)
    GPIO_PinRemapConfig                      0x08001375   Thumb Code   138  stm32f10x_gpio.o(i.GPIO_PinRemapConfig)
    GPIO_ReadInputData                       0x08001405   Thumb Code     8  stm32f10x_gpio.o(i.GPIO_ReadInputData)
    GPIO_ReadInputDataBit                    0x0800140d   Thumb Code    18  stm32f10x_gpio.o(i.GPIO_ReadInputDataBit)
    GPIO_ReadOutputData                      0x0800141f   Thumb Code     8  stm32f10x_gpio.o(i.GPIO_ReadOutputData)
    GPIO_ResetBits                           0x08001427   Thumb Code     4  stm32f10x_gpio.o(i.GPIO_ResetBits)
    GPIO_SetBits                             0x0800142b   Thumb Code     4  stm32f10x_gpio.o(i.GPIO_SetBits)
    GPIO_Write                               0x0800142f   Thumb Code     4  stm32f10x_gpio.o(i.GPIO_Write)
    GPIO_WriteBit                            0x08001433   Thumb Code    10  stm32f10x_gpio.o(i.GPIO_WriteBit)
    HardFault_Handler                        0x0800143d   Thumb Code     4  stm32f10x_it.o(i.HardFault_Handler)
    KEYSCAN                                  0x08001441   Thumb Code   332  gpio.o(i.KEYSCAN)
    KEY_DELAY                                0x08001595   Thumb Code    18  gpio.o(i.KEY_DELAY)
    KEY_GPIO_Init                            0x080015a9   Thumb Code    20  gpio.o(i.KEY_GPIO_Init)
    KeyPress                                 0x080015c1   Thumb Code   402  main.o(i.KeyPress)
    LCD_Init                                 0x080017a9   Thumb Code   150  lcd1602.o(i.LCD_Init)
    LCD_Write_Com                            0x08001849   Thumb Code    86  lcd1602.o(i.LCD_Write_Com)
    LCD_Write_Data                           0x080018ad   Thumb Code    84  lcd1602.o(i.LCD_Write_Data)
    LCD_Write_String                         0x0800190d   Thumb Code    50  lcd1602.o(i.LCD_Write_String)
    M500PcdConfigISOType                     0x0800193f   Thumb Code    84  rc522_function.o(i.M500PcdConfigISOType)
    MemManage_Handler                        0x08001993   Thumb Code     4  stm32f10x_it.o(i.MemManage_Handler)
    NMI_Handler                              0x08001997   Thumb Code     2  stm32f10x_it.o(i.NMI_Handler)
    NVIC_Configuration                       0x08001999   Thumb Code    12  sys.o(i.NVIC_Configuration)
    NVIC_Init                                0x080019a5   Thumb Code   100  misc.o(i.NVIC_Init)
    NVIC_PriorityGroupConfig                 0x08001a15   Thumb Code    10  misc.o(i.NVIC_PriorityGroupConfig)
    PA15_AND_PB3_5IN_AND_PB6_9OUT            0x08001a29   Thumb Code    94  gpio.o(i.PA15_AND_PB3_5IN_AND_PB6_9OUT)
    PA15_AND_PB3_5OUT_AND_PB6_9IN            0x08001a91   Thumb Code    94  gpio.o(i.PA15_AND_PB3_5OUT_AND_PB6_9IN)
    PS_StaGPIO_Init                          0x08001af9   Thumb Code    40  as608.o(i.PS_StaGPIO_Init)
    PcdAntennaOn                             0x08001b25   Thumb Code    26  rc522_function.o(i.PcdAntennaOn)
    PcdAnticoll                              0x08001b3f   Thumb Code   114  rc522_function.o(i.PcdAnticoll)
    PcdComMF522                              0x08001bb1   Thumb Code   306  rc522_function.o(i.PcdComMF522)
    PcdRequest                               0x08001ce3   Thumb Code    86  rc522_function.o(i.PcdRequest)
    PcdReset                                 0x08001d39   Thumb Code   130  rc522_function.o(i.PcdReset)
    PcdSelect                                0x08001dc1   Thumb Code   114  rc522_function.o(i.PcdSelect)
    PendSV_Handler                           0x08001e33   Thumb Code     2  stm32f10x_it.o(i.PendSV_Handler)
    RC522_Init                               0x08001e35   Thumb Code    28  rc522_config.o(i.RC522_Init)
    RC522_SCAN                               0x08001e59   Thumb Code   174  main.o(i.RC522_SCAN)
    RCC_APB1PeriphClockCmd                   0x08002061   Thumb Code    26  stm32f10x_rcc.o(i.RCC_APB1PeriphClockCmd)
    RCC_APB1PeriphResetCmd                   0x08002081   Thumb Code    26  stm32f10x_rcc.o(i.RCC_APB1PeriphResetCmd)
    RCC_APB2PeriphClockCmd                   0x080020a1   Thumb Code    26  stm32f10x_rcc.o(i.RCC_APB2PeriphClockCmd)
    RCC_APB2PeriphResetCmd                   0x080020c1   Thumb Code    26  stm32f10x_rcc.o(i.RCC_APB2PeriphResetCmd)
    RCC_GetClocksFreq                        0x080020e1   Thumb Code   192  stm32f10x_rcc.o(i.RCC_GetClocksFreq)
    READ_DATA_FOR_FLASH                      0x080021b5   Thumb Code    18  main.o(i.READ_DATA_FOR_FLASH)
    READ_IC_NUM_FOR_FLASH                    0x080021cd   Thumb Code    24  main.o(i.READ_IC_NUM_FOR_FLASH)
    ReadRawRC                                0x080021e9   Thumb Code    50  rc522_function.o(i.ReadRawRC)
    ResetPassword                            0x08002221   Thumb Code   342  main.o(i.ResetPassword)
    SPI_RC522_ReadByte                       0x080023e9   Thumb Code    78  rc522_function.o(i.SPI_RC522_ReadByte)
    SPI_RC522_SendByte                       0x08002441   Thumb Code    88  rc522_function.o(i.SPI_RC522_SendByte)
    STMFLASH_Read                            0x0800249d   Thumb Code    34  stmflash.o(i.STMFLASH_Read)
    STMFLASH_ReadHalfWord                    0x080024bf   Thumb Code     6  stmflash.o(i.STMFLASH_ReadHalfWord)
    STMFLASH_Write                           0x080024c5   Thumb Code   222  stmflash.o(i.STMFLASH_Write)
    STMFLASH_Write_NoCheck                   0x080025ad   Thumb Code    38  stmflash.o(i.STMFLASH_Write_NoCheck)
    SVC_Handler                              0x080025d3   Thumb Code     2  stm32f10x_it.o(i.SVC_Handler)
    SetBitMask                               0x080025d5   Thumb Code    26  rc522_function.o(i.SetBitMask)
    SysTick_CLKSourceConfig                  0x080026d9   Thumb Code    40  misc.o(i.SysTick_CLKSourceConfig)
    SysTick_Handler                          0x08002701   Thumb Code     2  stm32f10x_it.o(i.SysTick_Handler)
    SystemInit                               0x08002705   Thumb Code    78  system_stm32f10x.o(i.SystemInit)
    TIM2_IRQHandler                          0x08002765   Thumb Code   100  timer.o(i.TIM2_IRQHandler)
    TIM2_Init                                0x080027e1   Thumb Code    92  timer.o(i.TIM2_Init)
    TIM_ClearITPendingBit                    0x0800283d   Thumb Code     6  stm32f10x_tim.o(i.TIM_ClearITPendingBit)
    TIM_Cmd                                  0x08002843   Thumb Code    24  stm32f10x_tim.o(i.TIM_Cmd)
    TIM_GetITStatus                          0x0800285b   Thumb Code    34  stm32f10x_tim.o(i.TIM_GetITStatus)
    TIM_ITConfig                             0x0800287d   Thumb Code    18  stm32f10x_tim.o(i.TIM_ITConfig)
    TIM_TimeBaseInit                         0x08002891   Thumb Code   122  stm32f10x_tim.o(i.TIM_TimeBaseInit)
    USART1_IRQHandler                        0x08002935   Thumb Code    64  usart1.o(i.USART1_IRQHandler)
    USART_ClearITPendingBit                  0x08002981   Thumb Code    30  stm32f10x_usart.o(i.USART_ClearITPendingBit)
    USART_Cmd                                0x0800299f   Thumb Code    24  stm32f10x_usart.o(i.USART_Cmd)
    USART_DeInit                             0x080029b9   Thumb Code   134  stm32f10x_usart.o(i.USART_DeInit)
    USART_GetITStatus                        0x08002a55   Thumb Code    84  stm32f10x_usart.o(i.USART_GetITStatus)
    USART_ITConfig                           0x08002aa9   Thumb Code    74  stm32f10x_usart.o(i.USART_ITConfig)
    USART_Init                               0x08002af5   Thumb Code   210  stm32f10x_usart.o(i.USART_Init)
    USART_ReceiveData                        0x08002bcd   Thumb Code    10  stm32f10x_usart.o(i.USART_ReceiveData)
    UsageFault_Handler                       0x08002bd7   Thumb Code     4  stm32f10x_it.o(i.UsageFault_Handler)
    WRITE_DATA_TO_FLASH                      0x08002bdd   Thumb Code    24  main.o(i.WRITE_DATA_TO_FLASH)
    WRITE_IC_NUM_TO_FLASH                    0x08002bf9   Thumb Code    30  main.o(i.WRITE_IC_NUM_TO_FLASH)
    WriteRawRC                               0x08002c1d   Thumb Code    46  rc522_function.o(i.WriteRawRC)
    _is_digit                                0x08002c51   Thumb Code    14  __printf_wp.o(i._is_digit)
    _sys_exit                                0x08002c5f   Thumb Code     6  usart1.o(i._sys_exit)
    delay_init                               0x08002c65   Thumb Code    50  delay.o(i.delay_init)
    delay_ms                                 0x08002ca9   Thumb Code    72  delay.o(i.delay_ms)
    delay_us                                 0x08002cf5   Thumb Code    72  delay.o(i.delay_us)
    display_user_id                          0x08002d41   Thumb Code   118  main.o(i.display_user_id)
    finger_ctrl                              0x08002dbd   Thumb Code   122  main.o(i.finger_ctrl)
    main                                     0x08002e65   Thumb Code   240  main.o(i.main)
    uart1_Init                               0x08002fc5   Thumb Code   178  usart1.o(i.uart1_Init)
    uart1_send                               0x08003081   Thumb Code    38  usart1.o(i.uart1_send)
    uart_recv                                0x080030ad   Thumb Code    76  as608.o(i.uart_recv)
    Region$$Table$$Base                      0x0800313c   Number         0  anon$$obj.o(Region$$Table)
    Region$$Table$$Limit                     0x0800315c   Number         0  anon$$obj.o(Region$$Table)
    AS608_Pack_Head                          0x20000015   Data           6  as608.o(.data)
    AS608_Get_Img                            0x2000001b   Data           6  as608.o(.data)
    FP_Search                                0x20000021   Data          11  as608.o(.data)
    FP_Img_To_Buffer1                        0x2000002c   Data           7  as608.o(.data)
    FP_Img_To_Buffer2                        0x20000033   Data           7  as608.o(.data)
    FP_Reg_Model                             0x2000003a   Data           6  as608.o(.data)
    FP_Delet_All_Model                       0x20000040   Data           6  as608.o(.data)
    FP_Save_Finger                           0x20000046   Data           9  as608.o(.data)
    FP_Delete_Model                          0x2000004f   Data          10  as608.o(.data)
    FlagKeyPress                             0x2000005a   Data           1  main.o(.data)
    keycode                                  0x2000005b   Data           1  main.o(.data)
    operation                                0x2000005c   Data           1  main.o(.data)
    pass                                     0x2000005d   Data           1  main.o(.data)
    ICpass                                   0x2000005e   Data           1  main.o(.data)
    CurrentPassword                          0x2000005f   Data           6  main.o(.data)
    InputData                                0x20000065   Data           6  main.o(.data)
    initpassword                             0x2000006b   Data           6  main.o(.data)
    TempPassword                             0x20000071   Data           6  main.o(.data)
    PressNum                                 0x20000077   Data           1  main.o(.data)
    CorrectCont                              0x20000078   Data           1  main.o(.data)
    ReInputEn                                0x20000079   Data           1  main.o(.data)
    ReInputCont                              0x2000007a   Data           1  main.o(.data)
    ErrorCont                                0x2000007b   Data           1  main.o(.data)
    RELAY_TIME                               0x2000007c   Data           1  main.o(.data)
    InitDisplay                              0x2000007d   Data           1  main.o(.data)
    Register                                 0x2000007e   Data           1  main.o(.data)
    Delete                                   0x2000007f   Data           1  main.o(.data)
    RegFingerprint                           0x20000080   Data           1  main.o(.data)
    user_id                                  0x20000082   Data           2  main.o(.data)
    ID_BUF                                   0x20000084   Data           8  main.o(.data)
    ucArray_ID                               0x2000008c   Data           4  main.o(.data)
    SystemCoreClock                          0x20000094   Data           4  system_stm32f10x.o(.data)
    AHBPrescTable                            0x20000098   Data          16  system_stm32f10x.o(.data)
    RxCounter                                0x200000ac   Data           4  usart1.o(.data)
    __stdout                                 0x200000b0   Data           4  usart1.o(.data)
    STMFLASH_BUF                             0x200000b4   Data        1024  stmflash.o(.bss)
    AS608_RECEICE_BUFFER                     0x200004b4   Data          24  as608.o(.bss)
    ID_TEMP_Buffer                           0x200004cc   Data          10  main.o(.bss)
    Usart1RecBuf                             0x200004d6   Data          48  usart1.o(.bss)
    __libspace_start                         0x20000508   Data          96  libspace.o(.bss)
    __temporary_stack_top$libspace           0x20000568   Data           0  libspace.o(.bss)



==============================================================================

Memory Map of the image

  Image Entry point : 0x080000ed

  Load Region LR_IROM1 (Base: 0x08000000, Size: 0x00003210, Max: 0x00010000, ABSOLUTE)

    Execution Region ER_IROM1 (Exec base: 0x08000000, Load base: 0x08000000, Size: 0x0000315c, Max: 0x00010000, ABSOLUTE)

    Exec Addr    Load Addr    Size         Type   Attr      Idx    E Section Name        Object

    0x08000000   0x08000000   0x000000ec   Data   RO           19    RESET               startup_stm32f10x_md.o
    0x080000ec   0x080000ec   0x00000008   Code   RO         2535  * !!!main             c_w.l(__main.o)
    0x080000f4   0x080000f4   0x00000034   Code   RO         2709    !!!scatter          c_w.l(__scatter.o)
    0x08000128   0x08000128   0x0000001a   Code   RO         2711    !!handler_copy      c_w.l(__scatter_copy.o)
    0x08000142   0x08000142   0x00000002   PAD
    0x08000144   0x08000144   0x0000001c   Code   RO         2713    !!handler_zi        c_w.l(__scatter_zi.o)
    0x08000160   0x08000160   0x00000000   Code   RO         2526    .ARM.Collect$$_printf_percent$$00000000  c_w.l(_printf_percent.o)
    0x08000160   0x08000160   0x00000006   Code   RO         2525    .ARM.Collect$$_printf_percent$$00000009  c_w.l(_printf_d.o)
    0x08000166   0x08000166   0x00000006   Code   RO         2524    .ARM.Collect$$_printf_percent$$0000000C  c_w.l(_printf_x.o)
    0x0800016c   0x0800016c   0x00000006   Code   RO         2523    .ARM.Collect$$_printf_percent$$00000014  c_w.l(_printf_s.o)
    0x08000172   0x08000172   0x00000004   Code   RO         2550    .ARM.Collect$$_printf_percent$$00000017  c_w.l(_printf_percent_end.o)
    0x08000176   0x08000176   0x00000002   Code   RO         2583    .ARM.Collect$$libinit$$00000000  c_w.l(libinit.o)
    0x08000178   0x08000178   0x00000000   Code   RO         2590    .ARM.Collect$$libinit$$00000002  c_w.l(libinit2.o)
    0x08000178   0x08000178   0x00000000   Code   RO         2592    .ARM.Collect$$libinit$$00000004  c_w.l(libinit2.o)
    0x08000178   0x08000178   0x00000000   Code   RO         2595    .ARM.Collect$$libinit$$0000000A  c_w.l(libinit2.o)
    0x08000178   0x08000178   0x00000000   Code   RO         2597    .ARM.Collect$$libinit$$0000000C  c_w.l(libinit2.o)
    0x08000178   0x08000178   0x00000000   Code   RO         2599    .ARM.Collect$$libinit$$0000000E  c_w.l(libinit2.o)
    0x08000178   0x08000178   0x00000000   Code   RO         2602    .ARM.Collect$$libinit$$00000011  c_w.l(libinit2.o)
    0x08000178   0x08000178   0x00000000   Code   RO         2604    .ARM.Collect$$libinit$$00000013  c_w.l(libinit2.o)
    0x08000178   0x08000178   0x00000000   Code   RO         2606    .ARM.Collect$$libinit$$00000015  c_w.l(libinit2.o)
    0x08000178   0x08000178   0x00000000   Code   RO         2608    .ARM.Collect$$libinit$$00000017  c_w.l(libinit2.o)
    0x08000178   0x08000178   0x00000000   Code   RO         2610    .ARM.Collect$$libinit$$00000019  c_w.l(libinit2.o)
    0x08000178   0x08000178   0x00000000   Code   RO         2612    .ARM.Collect$$libinit$$0000001B  c_w.l(libinit2.o)
    0x08000178   0x08000178   0x00000000   Code   RO         2614    .ARM.Collect$$libinit$$0000001D  c_w.l(libinit2.o)
    0x08000178   0x08000178   0x00000000   Code   RO         2616    .ARM.Collect$$libinit$$0000001F  c_w.l(libinit2.o)
    0x08000178   0x08000178   0x00000000   Code   RO         2618    .ARM.Collect$$libinit$$00000021  c_w.l(libinit2.o)
    0x08000178   0x08000178   0x00000000   Code   RO         2620    .ARM.Collect$$libinit$$00000023  c_w.l(libinit2.o)
    0x08000178   0x08000178   0x00000000   Code   RO         2622    .ARM.Collect$$libinit$$00000025  c_w.l(libinit2.o)
    0x08000178   0x08000178   0x00000000   Code   RO         2626    .ARM.Collect$$libinit$$0000002C  c_w.l(libinit2.o)
    0x08000178   0x08000178   0x00000000   Code   RO         2628    .ARM.Collect$$libinit$$0000002E  c_w.l(libinit2.o)
    0x08000178   0x08000178   0x00000000   Code   RO         2630    .ARM.Collect$$libinit$$00000030  c_w.l(libinit2.o)
    0x08000178   0x08000178   0x00000000   Code   RO         2632    .ARM.Collect$$libinit$$00000032  c_w.l(libinit2.o)
    0x08000178   0x08000178   0x00000002   Code   RO         2633    .ARM.Collect$$libinit$$00000033  c_w.l(libinit2.o)
    0x0800017a   0x0800017a   0x00000002   Code   RO         2651    .ARM.Collect$$libshutdown$$00000000  c_w.l(libshutdown.o)
    0x0800017c   0x0800017c   0x00000000   Code   RO         2661    .ARM.Collect$$libshutdown$$00000002  c_w.l(libshutdown2.o)
    0x0800017c   0x0800017c   0x00000000   Code   RO         2663    .ARM.Collect$$libshutdown$$00000004  c_w.l(libshutdown2.o)
    0x0800017c   0x0800017c   0x00000000   Code   RO         2666    .ARM.Collect$$libshutdown$$00000007  c_w.l(libshutdown2.o)
    0x0800017c   0x0800017c   0x00000000   Code   RO         2669    .ARM.Collect$$libshutdown$$0000000A  c_w.l(libshutdown2.o)
    0x0800017c   0x0800017c   0x00000000   Code   RO         2671    .ARM.Collect$$libshutdown$$0000000C  c_w.l(libshutdown2.o)
    0x0800017c   0x0800017c   0x00000000   Code   RO         2674    .ARM.Collect$$libshutdown$$0000000F  c_w.l(libshutdown2.o)
    0x0800017c   0x0800017c   0x00000002   Code   RO         2675    .ARM.Collect$$libshutdown$$00000010  c_w.l(libshutdown2.o)
    0x0800017e   0x0800017e   0x00000000   Code   RO         2539    .ARM.Collect$$rtentry$$00000000  c_w.l(__rtentry.o)
    0x0800017e   0x0800017e   0x00000000   Code   RO         2554    .ARM.Collect$$rtentry$$00000002  c_w.l(__rtentry2.o)
    0x0800017e   0x0800017e   0x00000006   Code   RO         2566    .ARM.Collect$$rtentry$$00000004  c_w.l(__rtentry4.o)
    0x08000184   0x08000184   0x00000000   Code   RO         2556    .ARM.Collect$$rtentry$$00000009  c_w.l(__rtentry2.o)
    0x08000184   0x08000184   0x00000004   Code   RO         2557    .ARM.Collect$$rtentry$$0000000A  c_w.l(__rtentry2.o)
    0x08000188   0x08000188   0x00000000   Code   RO         2559    .ARM.Collect$$rtentry$$0000000C  c_w.l(__rtentry2.o)
    0x08000188   0x08000188   0x00000008   Code   RO         2560    .ARM.Collect$$rtentry$$0000000D  c_w.l(__rtentry2.o)
    0x08000190   0x08000190   0x00000002   Code   RO         2587    .ARM.Collect$$rtexit$$00000000  c_w.l(rtexit.o)
    0x08000192   0x08000192   0x00000000   Code   RO         2635    .ARM.Collect$$rtexit$$00000002  c_w.l(rtexit2.o)
    0x08000192   0x08000192   0x00000004   Code   RO         2636    .ARM.Collect$$rtexit$$00000003  c_w.l(rtexit2.o)
    0x08000196   0x08000196   0x00000006   Code   RO         2637    .ARM.Collect$$rtexit$$00000004  c_w.l(rtexit2.o)
    0x0800019c   0x0800019c   0x00000040   Code   RO           20    .text               startup_stm32f10x_md.o
    0x080001dc   0x080001dc   0x00000002   Code   RO         2464    .text               c_w.l(use_no_semi_2.o)
    0x080001de   0x080001de   0x00000002   PAD
    0x080001e0   0x080001e0   0x00000028   Code   RO         2472    .text               c_w.l(noretval__2sprintf.o)
    0x08000208   0x08000208   0x0000004e   Code   RO         2476    .text               c_w.l(_printf_pad.o)
    0x08000256   0x08000256   0x00000052   Code   RO         2478    .text               c_w.l(_printf_str.o)
    0x080002a8   0x080002a8   0x00000078   Code   RO         2480    .text               c_w.l(_printf_dec.o)
    0x08000320   0x08000320   0x00000058   Code   RO         2485    .text               c_w.l(_printf_hex_int.o)
    0x08000378   0x08000378   0x00000138   Code   RO         2515    .text               c_w.l(__printf_flags_wp.o)
    0x080004b0   0x080004b0   0x00000024   Code   RO         2527    .text               c_w.l(strstr.o)
    0x080004d4   0x080004d4   0x00000010   Code   RO         2529    .text               c_w.l(aeabi_memset.o)
    0x080004e4   0x080004e4   0x00000044   Code   RO         2531    .text               c_w.l(rt_memclr.o)
    0x08000528   0x08000528   0x00000006   Code   RO         2533    .text               c_w.l(heapauxi.o)
    0x0800052e   0x0800052e   0x00000002   Code   RO         2537    .text               c_w.l(use_no_semi.o)
    0x08000530   0x08000530   0x000000b2   Code   RO         2540    .text               c_w.l(_printf_intcommon.o)
    0x080005e2   0x080005e2   0x00000002   PAD
    0x080005e4   0x080005e4   0x00000030   Code   RO         2542    .text               c_w.l(_printf_char_common.o)
    0x08000614   0x08000614   0x0000000a   Code   RO         2544    .text               c_w.l(_sputc.o)
    0x0800061e   0x0800061e   0x0000002c   Code   RO         2546    .text               c_w.l(_printf_char.o)
    0x0800064a   0x0800064a   0x0000004e   Code   RO         2551    .text               c_w.l(rt_memclr_w.o)
    0x08000698   0x08000698   0x0000004a   Code   RO         2574    .text               c_w.l(sys_stackheap_outer.o)
    0x080006e2   0x080006e2   0x00000012   Code   RO         2576    .text               c_w.l(exit.o)
    0x080006f4   0x080006f4   0x00000008   Code   RO         2584    .text               c_w.l(libspace.o)
    0x080006fc   0x080006fc   0x00000110   Code   RO         2133    i.ADD_ID_MODE       main.o
    0x0800080c   0x0800080c   0x00000030   Code   RO         2026    i.AS608_Add_Fingerprint  as608.o
    0x0800083c   0x0800083c   0x00000028   Code   RO         2027    i.AS608_Cmd_Get_Img  as608.o
    0x08000864   0x08000864   0x00000010   Code   RO         2028    i.AS608_Cmd_Send_Pack_Head  as608.o
    0x08000874   0x08000874   0x00000020   Code   RO         2029    i.AS608_Find_Fingerprint  as608.o
    0x08000894   0x08000894   0x0000001c   Code   RO         2030    i.AS608_Receive_Data  as608.o
    0x080008b0   0x080008b0   0x00000060   Code   RO         1686    i.BEEP_AND_RELAY_GPIO_Init  gpio.o
    0x08000910   0x08000910   0x00000004   Code   RO         2251    i.BusFault_Handler  stm32f10x_it.o
    0x08000914   0x08000914   0x0000003c   Code   RO         2134    i.BuzzerRingsNum    main.o
    0x08000950   0x08000950   0x00000078   Code   RO         2135    i.CHECK_NEW_MCU     main.o
    0x080009c8   0x080009c8   0x000000dc   Code   RO         2136    i.COMPER_ID_MODE    main.o
    0x08000aa4   0x08000aa4   0x0000006c   Code   RO         1831    i.CalulateCRC       rc522_function.o
    0x08000b10   0x08000b10   0x00000094   Code   RO         2137    i.Cancel            main.o
    0x08000ba4   0x08000ba4   0x0000001a   Code   RO         1832    i.ClearBitMask      rc522_function.o
    0x08000bbe   0x08000bbe   0x00000002   PAD
    0x08000bc0   0x08000bc0   0x0000011c   Code   RO         2138    i.DEL_ID_MODE       main.o
    0x08000cdc   0x08000cdc   0x00000028   Code   RO         1734    i.Dao_xu            lcd1602.o
    0x08000d04   0x08000d04   0x00000024   Code   RO         2139    i.DataInit          main.o
    0x08000d28   0x08000d28   0x00000002   Code   RO         2252    i.DebugMon_Handler  stm32f10x_it.o
    0x08000d2a   0x08000d2a   0x00000002   PAD
    0x08000d2c   0x08000d2c   0x000002bc   Code   RO         2140    i.Ensure            main.o
    0x08000fe8   0x08000fe8   0x00000028   Code   RO         2031    i.FINGERPRINT_Cmd_Delete_All_Model  as608.o
    0x08001010   0x08001010   0x00000028   Code   RO         2033    i.FINGERPRINT_Cmd_Img_To_Buffer1  as608.o
    0x08001038   0x08001038   0x00000028   Code   RO         2034    i.FINGERPRINT_Cmd_Img_To_Buffer2  as608.o
    0x08001060   0x08001060   0x00000028   Code   RO         2035    i.FINGERPRINT_Cmd_Reg_Model  as608.o
    0x08001088   0x08001088   0x00000050   Code   RO         2036    i.FINGERPRINT_Cmd_Save_Finger  as608.o
    0x080010d8   0x080010d8   0x00000038   Code   RO         2037    i.FINGERPRINT_Cmd_Search_Finger  as608.o
    0x08001110   0x08001110   0x0000004c   Code   RO         1517    i.FLASH_ErasePage   stm32f10x_flash.o
    0x0800115c   0x0800115c   0x00000034   Code   RO         1518    i.FLASH_GetBank1Status  stm32f10x_flash.o
    0x08001190   0x08001190   0x00000014   Code   RO         1527    i.FLASH_Lock        stm32f10x_flash.o
    0x080011a4   0x080011a4   0x00000040   Code   RO         1530    i.FLASH_ProgramHalfWord  stm32f10x_flash.o
    0x080011e4   0x080011e4   0x00000018   Code   RO         1535    i.FLASH_Unlock      stm32f10x_flash.o
    0x080011fc   0x080011fc   0x00000026   Code   RO         1539    i.FLASH_WaitForLastOperation  stm32f10x_flash.o
    0x08001222   0x08001222   0x0000003c   Code   RO         1833    i.GET_PID           rc522_function.o
    0x0800125e   0x0800125e   0x00000116   Code   RO          383    i.GPIO_Init         stm32f10x_gpio.o
    0x08001374   0x08001374   0x00000090   Code   RO          385    i.GPIO_PinRemapConfig  stm32f10x_gpio.o
    0x08001404   0x08001404   0x00000008   Code   RO          386    i.GPIO_ReadInputData  stm32f10x_gpio.o
    0x0800140c   0x0800140c   0x00000012   Code   RO          387    i.GPIO_ReadInputDataBit  stm32f10x_gpio.o
    0x0800141e   0x0800141e   0x00000008   Code   RO          388    i.GPIO_ReadOutputData  stm32f10x_gpio.o
    0x08001426   0x08001426   0x00000004   Code   RO          390    i.GPIO_ResetBits    stm32f10x_gpio.o
    0x0800142a   0x0800142a   0x00000004   Code   RO          391    i.GPIO_SetBits      stm32f10x_gpio.o
    0x0800142e   0x0800142e   0x00000004   Code   RO          393    i.GPIO_Write        stm32f10x_gpio.o
    0x08001432   0x08001432   0x0000000a   Code   RO          394    i.GPIO_WriteBit     stm32f10x_gpio.o
    0x0800143c   0x0800143c   0x00000004   Code   RO         2253    i.HardFault_Handler  stm32f10x_it.o
    0x08001440   0x08001440   0x00000154   Code   RO         1687    i.KEYSCAN           gpio.o
    0x08001594   0x08001594   0x00000012   Code   RO         1688    i.KEY_DELAY         gpio.o
    0x080015a6   0x080015a6   0x00000002   PAD
    0x080015a8   0x080015a8   0x00000018   Code   RO         1689    i.KEY_GPIO_Init     gpio.o
    0x080015c0   0x080015c0   0x000001e8   Code   RO         2141    i.KeyPress          main.o
    0x080017a8   0x080017a8   0x000000a0   Code   RO         1736    i.LCD_Init          lcd1602.o
    0x08001848   0x08001848   0x00000064   Code   RO         1738    i.LCD_Write_Com     lcd1602.o
    0x080018ac   0x080018ac   0x00000060   Code   RO         1739    i.LCD_Write_Data    lcd1602.o
    0x0800190c   0x0800190c   0x00000032   Code   RO         1740    i.LCD_Write_String  lcd1602.o
    0x0800193e   0x0800193e   0x00000054   Code   RO         1836    i.M500PcdConfigISOType  rc522_function.o
    0x08001992   0x08001992   0x00000004   Code   RO         2254    i.MemManage_Handler  stm32f10x_it.o
    0x08001996   0x08001996   0x00000002   Code   RO         2255    i.NMI_Handler       stm32f10x_it.o
    0x08001998   0x08001998   0x0000000c   Code   RO         2394    i.NVIC_Configuration  sys.o
    0x080019a4   0x080019a4   0x00000070   Code   RO           24    i.NVIC_Init         misc.o
    0x08001a14   0x08001a14   0x00000014   Code   RO           25    i.NVIC_PriorityGroupConfig  misc.o
    0x08001a28   0x08001a28   0x00000068   Code   RO         1690    i.PA15_AND_PB3_5IN_AND_PB6_9OUT  gpio.o
    0x08001a90   0x08001a90   0x00000068   Code   RO         1691    i.PA15_AND_PB3_5OUT_AND_PB6_9IN  gpio.o
    0x08001af8   0x08001af8   0x0000002c   Code   RO         2038    i.PS_StaGPIO_Init   as608.o
    0x08001b24   0x08001b24   0x0000001a   Code   RO         1838    i.PcdAntennaOn      rc522_function.o
    0x08001b3e   0x08001b3e   0x00000072   Code   RO         1839    i.PcdAnticoll       rc522_function.o
    0x08001bb0   0x08001bb0   0x00000132   Code   RO         1841    i.PcdComMF522       rc522_function.o
    0x08001ce2   0x08001ce2   0x00000056   Code   RO         1844    i.PcdRequest        rc522_function.o
    0x08001d38   0x08001d38   0x00000088   Code   RO         1845    i.PcdReset          rc522_function.o
    0x08001dc0   0x08001dc0   0x00000072   Code   RO         1846    i.PcdSelect         rc522_function.o
    0x08001e32   0x08001e32   0x00000002   Code   RO         2256    i.PendSV_Handler    stm32f10x_it.o
    0x08001e34   0x08001e34   0x00000024   Code   RO         1811    i.RC522_Init        rc522_config.o
    0x08001e58   0x08001e58   0x0000014c   Code   RO         2142    i.RC522_SCAN        main.o
    0x08001fa4   0x08001fa4   0x000000bc   Code   RO         1812    i.RC522_SPI_Config  rc522_config.o
    0x08002060   0x08002060   0x00000020   Code   RO          493    i.RCC_APB1PeriphClockCmd  stm32f10x_rcc.o
    0x08002080   0x08002080   0x00000020   Code   RO          494    i.RCC_APB1PeriphResetCmd  stm32f10x_rcc.o
    0x080020a0   0x080020a0   0x00000020   Code   RO          495    i.RCC_APB2PeriphClockCmd  stm32f10x_rcc.o
    0x080020c0   0x080020c0   0x00000020   Code   RO          496    i.RCC_APB2PeriphResetCmd  stm32f10x_rcc.o
    0x080020e0   0x080020e0   0x000000d4   Code   RO          503    i.RCC_GetClocksFreq  stm32f10x_rcc.o
    0x080021b4   0x080021b4   0x00000018   Code   RO         2143    i.READ_DATA_FOR_FLASH  main.o
    0x080021cc   0x080021cc   0x0000001c   Code   RO         2144    i.READ_IC_NUM_FOR_FLASH  main.o
    0x080021e8   0x080021e8   0x00000038   Code   RO         1848    i.ReadRawRC         rc522_function.o
    0x08002220   0x08002220   0x000001c8   Code   RO         2145    i.ResetPassword     main.o
    0x080023e8   0x080023e8   0x00000058   Code   RO         1849    i.SPI_RC522_ReadByte  rc522_function.o
    0x08002440   0x08002440   0x0000005c   Code   RO         1850    i.SPI_RC522_SendByte  rc522_function.o
    0x0800249c   0x0800249c   0x00000022   Code   RO         1984    i.STMFLASH_Read     stmflash.o
    0x080024be   0x080024be   0x00000006   Code   RO         1985    i.STMFLASH_ReadHalfWord  stmflash.o
    0x080024c4   0x080024c4   0x000000e8   Code   RO         1986    i.STMFLASH_Write    stmflash.o
    0x080025ac   0x080025ac   0x00000026   Code   RO         1987    i.STMFLASH_Write_NoCheck  stmflash.o
    0x080025d2   0x080025d2   0x00000002   Code   RO         2257    i.SVC_Handler       stm32f10x_it.o
    0x080025d4   0x080025d4   0x0000001a   Code   RO         1851    i.SetBitMask        rc522_function.o
    0x080025ee   0x080025ee   0x00000008   Code   RO         2331    i.SetSysClock       system_stm32f10x.o
    0x080025f6   0x080025f6   0x00000002   PAD
    0x080025f8   0x080025f8   0x000000e0   Code   RO         2332    i.SetSysClockTo72   system_stm32f10x.o
    0x080026d8   0x080026d8   0x00000028   Code   RO           28    i.SysTick_CLKSourceConfig  misc.o
    0x08002700   0x08002700   0x00000002   Code   RO         2258    i.SysTick_Handler   stm32f10x_it.o
    0x08002702   0x08002702   0x00000002   PAD
    0x08002704   0x08002704   0x00000060   Code   RO         2334    i.SystemInit        system_stm32f10x.o
    0x08002764   0x08002764   0x0000007c   Code   RO         1788    i.TIM2_IRQHandler   timer.o
    0x080027e0   0x080027e0   0x0000005c   Code   RO         1789    i.TIM2_Init         timer.o
    0x0800283c   0x0800283c   0x00000006   Code   RO          795    i.TIM_ClearITPendingBit  stm32f10x_tim.o
    0x08002842   0x08002842   0x00000018   Code   RO          800    i.TIM_Cmd           stm32f10x_tim.o
    0x0800285a   0x0800285a   0x00000022   Code   RO          821    i.TIM_GetITStatus   stm32f10x_tim.o
    0x0800287c   0x0800287c   0x00000012   Code   RO          825    i.TIM_ITConfig      stm32f10x_tim.o
    0x0800288e   0x0800288e   0x00000002   PAD
    0x08002890   0x08002890   0x000000a4   Code   RO          871    i.TIM_TimeBaseInit  stm32f10x_tim.o
    0x08002934   0x08002934   0x0000004c   Code   RO         2409    i.USART1_IRQHandler  usart1.o
    0x08002980   0x08002980   0x0000001e   Code   RO         1333    i.USART_ClearITPendingBit  stm32f10x_usart.o
    0x0800299e   0x0800299e   0x00000018   Code   RO         1336    i.USART_Cmd         stm32f10x_usart.o
    0x080029b6   0x080029b6   0x00000002   PAD
    0x080029b8   0x080029b8   0x0000009c   Code   RO         1338    i.USART_DeInit      stm32f10x_usart.o
    0x08002a54   0x08002a54   0x00000054   Code   RO         1340    i.USART_GetITStatus  stm32f10x_usart.o
    0x08002aa8   0x08002aa8   0x0000004a   Code   RO         1342    i.USART_ITConfig    stm32f10x_usart.o
    0x08002af2   0x08002af2   0x00000002   PAD
    0x08002af4   0x08002af4   0x000000d8   Code   RO         1343    i.USART_Init        stm32f10x_usart.o
    0x08002bcc   0x08002bcc   0x0000000a   Code   RO         1350    i.USART_ReceiveData  stm32f10x_usart.o
    0x08002bd6   0x08002bd6   0x00000004   Code   RO         2259    i.UsageFault_Handler  stm32f10x_it.o
    0x08002bda   0x08002bda   0x00000002   PAD
    0x08002bdc   0x08002bdc   0x0000001c   Code   RO         2146    i.WRITE_DATA_TO_FLASH  main.o
    0x08002bf8   0x08002bf8   0x00000024   Code   RO         2147    i.WRITE_IC_NUM_TO_FLASH  main.o
    0x08002c1c   0x08002c1c   0x00000034   Code   RO         1852    i.WriteRawRC        rc522_function.o
    0x08002c50   0x08002c50   0x0000000e   Code   RO         2513    i._is_digit         c_w.l(__printf_wp.o)
    0x08002c5e   0x08002c5e   0x00000006   Code   RO         2410    i._sys_exit         usart1.o
    0x08002c64   0x08002c64   0x00000044   Code   RO         2365    i.delay_init        delay.o
    0x08002ca8   0x08002ca8   0x0000004c   Code   RO         2366    i.delay_ms          delay.o
    0x08002cf4   0x08002cf4   0x0000004c   Code   RO         2367    i.delay_us          delay.o
    0x08002d40   0x08002d40   0x0000007c   Code   RO         2148    i.display_user_id   main.o
    0x08002dbc   0x08002dbc   0x000000a8   Code   RO         2149    i.finger_ctrl       main.o
    0x08002e64   0x08002e64   0x00000160   Code   RO         2150    i.main              main.o
    0x08002fc4   0x08002fc4   0x000000bc   Code   RO         2412    i.uart1_Init        usart1.o
    0x08003080   0x08003080   0x0000002c   Code   RO         2414    i.uart1_send        usart1.o
    0x080030ac   0x080030ac   0x00000054   Code   RO         2039    i.uart_recv         as608.o
    0x08003100   0x08003100   0x00000028   Data   RO         2486    .constdata          c_w.l(_printf_hex_int.o)
    0x08003128   0x08003128   0x00000011   Data   RO         2516    .constdata          c_w.l(__printf_flags_wp.o)
    0x08003139   0x08003139   0x00000003   PAD
    0x0800313c   0x0800313c   0x00000020   Data   RO         2707    Region$$Table       anon$$obj.o


    Execution Region RW_IRAM1 (Exec base: 0x20000000, Load base: 0x0800315c, Size: 0x00000b68, Max: 0x00005000, ABSOLUTE)

    Exec Addr    Load Addr    Size         Type   Attr      Idx    E Section Name        Object

    0x20000000   0x0800315c   0x00000014   Data   RW          523    .data               stm32f10x_rcc.o
    0x20000014   0x08003170   0x00000001   Data   RW         1790    .data               timer.o
    0x20000015   0x08003171   0x00000044   Data   RW         2041    .data               as608.o
    0x20000059   0x080031b5   0x00000001   PAD
    0x2000005a   0x080031b6   0x00000037   Data   RW         2152    .data               main.o
    0x20000091   0x080031ed   0x00000003   PAD
    0x20000094   0x080031f0   0x00000014   Data   RW         2335    .data               system_stm32f10x.o
    0x200000a8   0x08003204   0x00000004   Data   RW         2368    .data               delay.o
    0x200000ac   0x08003208   0x00000008   Data   RW         2416    .data               usart1.o
    0x200000b4        -       0x00000400   Zero   RW         1989    .bss                stmflash.o
    0x200004b4        -       0x00000018   Zero   RW         2040    .bss                as608.o
    0x200004cc        -       0x0000000a   Zero   RW         2151    .bss                main.o
    0x200004d6        -       0x00000030   Zero   RW         2415    .bss                usart1.o
    0x20000506   0x08003210   0x00000002   PAD
    0x20000508        -       0x00000060   Zero   RW         2585    .bss                c_w.l(libspace.o)
    0x20000568        -       0x00000200   Zero   RW           18    HEAP                startup_stm32f10x_md.o
    0x20000768        -       0x00000400   Zero   RW           17    STACK               startup_stm32f10x_md.o


==============================================================================

Image component sizes


      Code (inc. data)   RO Data    RW Data    ZI Data      Debug   Object Name

       588         78          0         68         24       8404   as608.o
         0          0          0          0          0       4540   core_cm3.o
       220         26          0          4          0       1651   delay.o
       686         40          0          0          0       3081   gpio.o
       446         36          0          0          0       2792   lcd1602.o
      3876       1128          0         55         10      11975   main.o
       172         22          0          0          0     255009   misc.o
       224         18          0          0          0        993   rc522_config.o
      1374         32          0          0          0      10102   rc522_function.o
        64         26        236          0       1536        780   startup_stm32f10x_md.o
       274         30          0          0          0       3258   stm32f10x_flash.o
       478          6          0          0          0       6410   stm32f10x_gpio.o
        26          0          0          0          0       3558   stm32f10x_it.o
       340         44          0         20          0       5396   stm32f10x_rcc.o
       246         42          0          0          0       3382   stm32f10x_tim.o
       594         28          0          0          0       6007   stm32f10x_usart.o
       310         10          0          0       1024       3297   stmflash.o
        12          0          0          0          0        437   sys.o
       328         28          0         20          0       2005   system_stm32f10x.o
       216         24          0          1          0       1138   timer.o
       314         28          0          8         48       4127   usart1.o

    ----------------------------------------------------------------------
     10806       1646        268        180       2644     338342   Object Totals
         0          0         32          0          0          0   (incl. Generated)
        18          0          0          4          2          0   (incl. Padding)

    ----------------------------------------------------------------------

      Code (inc. data)   RO Data    RW Data    ZI Data      Debug   Library Member Name

         8          0          0          0          0         68   __main.o
       312          4         17          0          0         92   __printf_flags_wp.o
        14          0          0          0          0         68   __printf_wp.o
         0          0          0          0          0          0   __rtentry.o
        12          0          0          0          0          0   __rtentry2.o
         6          0          0          0          0          0   __rtentry4.o
        52          8          0          0          0          0   __scatter.o
        26          0          0          0          0          0   __scatter_copy.o
        28          0          0          0          0          0   __scatter_zi.o
        44          0          0          0          0        108   _printf_char.o
        48          6          0          0          0         96   _printf_char_common.o
         6          0          0          0          0          0   _printf_d.o
       120         16          0          0          0         92   _printf_dec.o
        88          4         40          0          0         88   _printf_hex_int.o
       178          0          0          0          0         88   _printf_intcommon.o
        78          0          0          0          0        108   _printf_pad.o
         0          0          0          0          0          0   _printf_percent.o
         4          0          0          0          0          0   _printf_percent_end.o
         6          0          0          0          0          0   _printf_s.o
        82          0          0          0          0         80   _printf_str.o
         6          0          0          0          0          0   _printf_x.o
        10          0          0          0          0         68   _sputc.o
        16          0          0          0          0         68   aeabi_memset.o
        18          0          0          0          0         80   exit.o
         6          0          0          0          0        152   heapauxi.o
         2          0          0          0          0          0   libinit.o
         2          0          0          0          0          0   libinit2.o
         2          0          0          0          0          0   libshutdown.o
         2          0          0          0          0          0   libshutdown2.o
         8          4          0          0         96         68   libspace.o
        40          6          0          0          0         84   noretval__2sprintf.o
        68          0          0          0          0         68   rt_memclr.o
        78          0          0          0          0         80   rt_memclr_w.o
         2          0          0          0          0          0   rtexit.o
        10          0          0          0          0          0   rtexit2.o
        36          0          0          0          0         80   strstr.o
        74          0          0          0          0         80   sys_stackheap_outer.o
         2          0          0          0          0         68   use_no_semi.o
         2          0          0          0          0         68   use_no_semi_2.o

    ----------------------------------------------------------------------
      1502         48         60          0         96       1852   Library Totals
         6          0          3          0          0          0   (incl. Padding)

    ----------------------------------------------------------------------

      Code (inc. data)   RO Data    RW Data    ZI Data      Debug   Library Name

      1496         48         57          0         96       1852   c_w.l

    ----------------------------------------------------------------------
      1502         48         60          0         96       1852   Library Totals

    ----------------------------------------------------------------------

==============================================================================


      Code (inc. data)   RO Data    RW Data    ZI Data      Debug   

     12308       1694        328        180       2740     333222   Grand Totals
     12308       1694        328        180       2740     333222   ELF Image Totals
     12308       1694        328        180          0          0   ROM Totals

==============================================================================

    Total RO  Size (Code + RO Data)                12636 (  12.34kB)
    Total RW  Size (RW Data + ZI Data)              2920 (   2.85kB)
    Total ROM Size (Code + RO Data + RW Data)      12816 (  12.52kB)

==============================================================================

